******************************************************************************
                  TI ARM Linker PC v16.9.6                     
******************************************************************************
>> Linked Tue Oct 27 14:17:28 2020

OUTPUT FILE NAME:   <Lab5_UARTComms.out>
ENTRY POINT SYMBOL: "_c_int00"  address: 00004e79


MEMORY CONFIGURATION

         name            origin    length      used     unused   attr    fill
----------------------  --------  ---------  --------  --------  ----  --------
  MAIN                  00000000   00040000  000052cc  0003ad34  R  X
  INFO                  00200000   00004000  00000000  00004000  R  X
  SRAM_CODE             01000000   00010000  00003da8  0000c258  RW X
  SRAM_DATA             20000000   00010000  00003da8  0000c258  RW  


SEGMENT ALLOCATION MAP

run origin  load origin   length   init length attrs members
----------  ----------- ---------- ----------- ----- -------
00000000    00000000    000052d0   000052d0    r-x
  00000000    00000000    000000e4   000000e4    r-- .intvecs
  000000e4    000000e4    00005120   00005120    r-x .text
  00005204    00005204    00000020   00000020    r-- .const
  00005228    00005228    000000a8   000000a8    r-- .cinit
20000000    20000000    00003ba8   00000000    rw-
  20000000    20000000    00003580   00000000    rw- .bss
  20003580    20003580    00000400   00000000    rw- .sysmem
  20003980    20003980    00000228   00000000    rw- .data
2000fe00    2000fe00    00000200   00000000    rw-
  2000fe00    2000fe00    00000200   00000000    rw- .stack


SECTION ALLOCATION MAP

 output                                  attributes/
section   page    origin      length       input sections
--------  ----  ----------  ----------   ----------------
.intvecs   0    00000000    000000e4     
                  00000000    000000e4     startup_msp432p401r_ccs.obj (.intvecs:retain)

.binit     0    00000000    00000000     

.text      0    000000e4    00005120     
                  000000e4    000018a0     Lab5_UARTmain.obj (.text)
                  00001984    000006bc     UART0.obj (.text)
                  00002040    000005ba     EUSCIA0.obj (.text)
                  000025fa    00000002     rtsv7M4_T_le_v4SPD16_eabi.lib : mpu_init.obj (.text)
                  000025fc    000003d0                                   : memory.obj (.text)
                  000029cc    0000032c     system_msp432p401r.obj (.text)
                  00002cf8    00000308     LPF.obj (.text)
                  00003000    00000260     ADC14.obj (.text)
                  00003260    00000228     PWM.obj (.text)
                  00003488    00000210     FIFO0.obj (.text)
                  00003698    00000200     Reflectance.obj (.text)
                  00003898    000001e0     Clock.obj (.text)
                  00003a78    000001c4     rtsv7M4_T_le_v4SPD16_eabi.lib : fopen.obj (.text)
                  00003c3c    000001b6                                   : fd_add_t2.obj (.text)
                  00003df2    00000002                                   : startup.obj (.text)
                  00003df4    000001b0     Motor.obj (.text)
                  00003fa4    00000136     rtsv7M4_T_le_v4SPD16_eabi.lib : fd_div_t2.obj (.text)
                  000040da    00000002     --HOLE-- [fill = 0]
                  000040dc    0000012c     TA3InputCapture.obj (.text)
                  00004208    00000114     BumpInt.obj (.text)
                  0000431c    0000010c     IRDistance.obj (.text)
                  00004428    000000f4     LaunchPad.obj (.text)
                  0000451c    000000dc     rtsv7M4_T_le_v4SPD16_eabi.lib : setvbuf.obj (.text)
                  000045f8    000000c8                                   : fflush.obj (.text)
                  000046c0    000000bc                                   : open.obj (.text)
                  0000477c    000000b8                                   : add_device.obj (.text)
                  00004834    000000a8     TimerA1.obj (.text)
                  000048dc    0000009c     rtsv7M4_T_le_v4SPD16_eabi.lib : memcpy_t2.obj (.text)
                  00004978    00000098                                   : fclose.obj (.text)
                  00004a10    0000007a                                   : memset_t2.obj (.text)
                  00004a8a    00000002     --HOLE-- [fill = 0]
                  00004a8c    00000070                                   : autoinit.obj (.text)
                  00004afc    00000070                                   : getdevice.obj (.text)
                  00004b6c    00000068                                   : copy_decompress_lzss.obj (.text:decompress:lzss)
                  00004bd4    00000068                                   : hostlseek.obj (.text)
                  00004c3c    00000068                                   : hostrename.obj (.text)
                  00004ca4    00000068                                   : trgmsg.obj (.text)
                  00004d0c    00000060                                   : hostopen.obj (.text)
                  00004d6c    0000005c                                   : close.obj (.text)
                  00004dc8    00000058                                   : hostread.obj (.text)
                  00004e20    00000058                                   : hostwrite.obj (.text)
                  00004e78    00000054                                   : boot.obj (.text)
                  00004ecc    00000054                                   : exit.obj (.text)
                  00004f20    0000004c                                   : cpy_tbl.obj (.text)
                  00004f6c    00000044                                   : fd_tou_t2.obj (.text)
                  00004fb0    00000044                                   : hostclose.obj (.text)
                  00004ff4    00000044                                   : hostunlink.obj (.text)
                  00005038    00000040     SysTickInts.obj (.text)
                  00005078    00000036     rtsv7M4_T_le_v4SPD16_eabi.lib : strncpy.obj (.text)
                  000050ae    0000002e                                   : i_tofd_t2.obj (.text)
                  000050dc    0000002c                                   : unlink.obj (.text)
                  00005108    00000028                                   : write.obj (.text)
                  00005130    00000024     CortexM.obj (.text)
                  00005154    00000018     rtsv7M4_T_le_v4SPD16_eabi.lib : args_main.obj (.text)
                  0000516c    00000018                                   : strcmp.obj (.text)
                  00005184    00000016                                   : strchr.obj (.text)
                  0000519a    00000002     --HOLE-- [fill = 0]
                  0000519c    00000014                                   : _lock.obj (.text)
                  000051b0    00000014                                   : strcpy.obj (.text)
                  000051c4    00000014                                   : strlen.obj (.text)
                  000051d8    0000000e                                   : copy_decompress_none.obj (.text:decompress:none)
                  000051e6    0000000e     startup_msp432p401r_ccs.obj (.text)
                  000051f4    0000000c     rtsv7M4_T_le_v4SPD16_eabi.lib : copy_zero_init.obj (.text:decompress:ZI)
                  00005200    00000004                                   : pre_init.obj (.text)

.const     0    00005204    00000020     
                  00005204    00000020     Reflectance.obj (.const:$P$T0$1)

.cinit     0    00005228    000000a8     
                  00005228    0000007f     (.cinit..data.load) [load image, compression = lzss]
                  000052a7    00000001     --HOLE-- [fill = 0]
                  000052a8    0000000c     (__TI_handler_table)
                  000052b4    00000004     --HOLE-- [fill = 0]
                  000052b8    00000008     (.cinit..bss.load) [load image, compression = zero_init]
                  000052c0    00000010     (__TI_cinit_table)

.init_array 
*          0    00000000    00000000     UNINITIALIZED

.bss       0    20000000    00003580     UNINITIALIZED
                  20000000    00001000     (.common:x)
                  20001000    00001000     (.common:x2)
                  20002000    00001000     (.common:x3)
                  20003000    00000200     (.common:TxHistogram)
                  20003200    00000120     rtsv7M4_T_le_v4SPD16_eabi.lib : trgmsg.obj (.bss:_CIOBUF_)
                  20003320    000000a0     (.common:__TI_tmpnams)
                  200033c0    00000082     (.common:RxFifo0)
                  20003442    00000082     (.common:TxFifo0)
                  200034c4    00000040     (.common:String)
                  20003504    00000008     (.common:Messageb)
                  2000350c    00000008     (.common:Messagec)
                  20003514    00000008     (.common:parmbuf)
                  2000351c    00000004     (.common:Done0)
                  20003520    00000004     (.common:Done2)
                  20003524    00000004     (.common:Elapsed)
                  20003528    00000004     (.common:First)
                  2000352c    00000004     (.common:I1)
                  20003530    00000004     (.common:LPFSum)
                  20003534    00000004     (.common:LPFSum2)
                  20003538    00000004     (.common:LPFSum3)
                  2000353c    00000004     (.common:MaxTime)
                  20003540    00000004     (.common:Messageindexb)
                  20003544    00000004     (.common:Messageindexc)
                  20003548    00000004     (.common:NumErrors)
                  2000354c    00000004     (.common:NumSuccess)
                  20003550    00000004     (.common:Port4Task)
                  20003554    00000004     (.common:Pt)
                  20003558    00000004     (.common:Pt2)
                  2000355c    00000004     (.common:Pt3)
                  20003560    00000004     (.common:Size)
                  20003564    00000004     (.common:TimerA1Task)
                  20003568    00000004     (.common:nc)
                  2000356c    00000004     (.common:nl)
                  20003570    00000004     (.common:nr)
                  20003574    00000002     (.common:First0)
                  20003576    00000002     (.common:First2)
                  20003578    00000002     (.common:Period0)
                  2000357a    00000002     (.common:Period2)
                  2000357c    00000001     (.common:ReadData)
                  2000357d    00000001     (.common:WriteData)
                  2000357e    00000001     (.common:bumpData)
                  2000357f    00000001     (.common:bumpFlag)

.sysmem    0    20003580    00000400     UNINITIALIZED
                  20003580    00000008     rtsv7M4_T_le_v4SPD16_eabi.lib : memory.obj (.sysmem)
                  20003588    000003f8     --HOLE--

.data      0    20003980    00000228     UNINITIALIZED
                  20003980    000000f0     rtsv7M4_T_le_v4SPD16_eabi.lib : defs.obj (.data:_ftable)
                  20003a70    00000078                                   : write.obj (.data:_device)
                  20003ae8    00000050                                   : write.obj (.data:_stream)
                  20003b38    00000018     Clock.obj (.data)
                  20003b50    00000010     rtsv7M4_T_le_v4SPD16_eabi.lib : defs.obj (.data)
                  20003b60    0000000c                                   : exit.obj (.data:$O1$$)
                  20003b6c    0000000c                                   : memory.obj (.data:$O1$$)
                  20003b78    00000008                                   : _lock.obj (.data:$O1$$)
                  20003b80    00000008     Lab5_UARTmain.obj (.data)
                  20003b88    00000008     TA3InputCapture.obj (.data)
                  20003b90    00000004     IRDistance.obj (.data)
                  20003b94    00000004     rtsv7M4_T_le_v4SPD16_eabi.lib : add_device.obj (.data)
                  20003b98    00000004                                   : fopen.obj (.data)
                  20003b9c    00000004                                   : open.obj (.data)
                  20003ba0    00000004                                   : stkdepth_vars.obj (.data)
                  20003ba4    00000004     system_msp432p401r.obj (.data)

.stack     0    2000fe00    00000200     UNINITIALIZED
                  2000fe00    00000200     --HOLE--

MODULE SUMMARY

       Module                        code    ro data   rw data
       ------                        ----    -------   -------
    .\
       LPF.obj                       776     0         24640  
       Lab5_UARTmain.obj             6304    0         248    
       FIFO0.obj                     528     0         1544   
       UART0.obj                     1724    0         24     
       EUSCIA0.obj                   1466    0         24     
       system_msp432p401r.obj        812     0         8      
       ADC14.obj                     608     0         0      
       PWM.obj                       552     0         0      
       Reflectance.obj               512     32        0      
       Clock.obj                     480     0         48     
       Motor.obj                     432     0         0      
       TA3InputCapture.obj           300     0         16     
       BumpInt.obj                   276     0         8      
       IRDistance.obj                268     0         8      
       LaunchPad.obj                 244     0         0      
       startup_msp432p401r_ccs.obj   14      228       0      
       TimerA1.obj                   168     0         8      
       SysTickInts.obj               64      0         0      
       CortexM.obj                   36      0         0      
    +--+-----------------------------+-------+---------+---------+
       Total:                        15564   260       26576  
                                                              
    C:\ti\ccsv7\tools\compiler\ti-cgt-arm_16.9.6.LTS\lib\rtsv7M4_T_le_v4SPD16_eabi.lib
       memory.obj                    976     0         24     
       defs.obj                      0       0         832    
       trgmsg.obj                    104     0         576    
       fopen.obj                     452     0         8      
       write.obj                     40      0         400    
       fd_add_t2.obj                 438     0         0      
       fd_div_t2.obj                 310     0         0      
       setvbuf.obj                   220     0         0      
       fflush.obj                    200     0         0      
       open.obj                      188     0         8      
       add_device.obj                184     0         8      
       memcpy_t2.obj                 156     0         0      
       fclose.obj                    152     0         0      
       memset_t2.obj                 122     0         0      
       autoinit.obj                  112     0         0      
       getdevice.obj                 112     0         0      
       hostopen.obj                  96      0         16     
       exit.obj                      84      0         24     
       copy_decompress_lzss.obj      104     0         0      
       hostlseek.obj                 104     0         0      
       hostrename.obj                104     0         0      
       close.obj                     92      0         0      
       hostread.obj                  88      0         0      
       hostwrite.obj                 88      0         0      
       boot.obj                      84      0         0      
       cpy_tbl.obj                   76      0         0      
       fd_tou_t2.obj                 68      0         0      
       hostclose.obj                 68      0         0      
       hostunlink.obj                68      0         0      
       strncpy.obj                   54      0         0      
       i_tofd_t2.obj                 46      0         0      
       unlink.obj                    44      0         0      
       _lock.obj                     20      0         16     
       args_main.obj                 24      0         0      
       strcmp.obj                    24      0         0      
       strchr.obj                    22      0         0      
       strcpy.obj                    20      0         0      
       strlen.obj                    20      0         0      
       copy_decompress_none.obj      14      0         0      
       copy_zero_init.obj            12      0         0      
       stkdepth_vars.obj             0       0         8      
       pre_init.obj                  4       0         0      
       mpu_init.obj                  2       0         0      
       startup.obj                   2       0         0      
    +--+-----------------------------+-------+---------+---------+
       Total:                        5198    0         1920   
                                                              
       Heap:                         0       0         2048   
       Stack:                        0       0         1024   
       Linker Generated:             0       163       0      
    +--+-----------------------------+-------+---------+---------+
       Grand Total:                  20762   423       31568  


LINKER GENERATED COPY TABLES

__TI_cinit_table @ 000052c0 records: 2, size/record: 8, table size: 16
	.data: load addr=00005228, load size=0000007f bytes, run addr=20003980, run size=00000228 bytes, compression=lzss
	.bss: load addr=000052b8, load size=00000008 bytes, run addr=20000000, run size=00003580 bytes, compression=zero_init


LINKER GENERATED HANDLER TABLE

__TI_handler_table @ 000052a8 records: 3, size/record: 4, table size: 12
	index: 0, handler: __TI_decompress_lzss
	index: 1, handler: __TI_decompress_none
	index: 2, handler: __TI_zero_init


GLOBAL SYMBOLS: SORTED ALPHABETICALLY BY Name 

address   name                           
-------   ----                           
000030fd  ADC0_InitSWTriggerCh12         
0000316d  ADC0_InitSWTriggerCh17_12_16   
00003001  ADC0_InitSWTriggerCh6          
00003071  ADC0_InitSWTriggerCh67         
000051f3  ADC14_IRQHandler               
0000314d  ADC_In12                       
000031dd  ADC_In17_12_16                 
00003051  ADC_In6                        
000030c7  ADC_In67                       
20003b80  ADCflag                        
000051f3  AES256_IRQHandler              
00004209  BumpInt_Init                   
0000427f  Bump_Read                      
000051f3  BusFault_Handler               
00004ecd  C$$EXIT                        
00004cd3  C$$IO$$                        
000051f3  COMP_E0_IRQHandler             
000051f3  COMP_E1_IRQHandler             
20003b40  CPMwait                        
000051f3  CS_IRQHandler                  
20003b88  CaptureTask0                   
20003b8c  CaptureTask2                   
0000436b  CenterConvert                  
20003b38  ClockFrequency                 
000039ed  Clock_Delay1ms                 
000039c3  Clock_Delay1us                 
000039af  Clock_GetFreq                  
00003899  Clock_Init48MHz                
20003b4c  Crystalstable                  
000051f3  DMA_ERR_IRQHandler             
000051f3  DMA_INT0_IRQHandler            
000051f3  DMA_INT1_IRQHandler            
000051f3  DMA_INT2_IRQHandler            
000051f3  DMA_INT3_IRQHandler            
000051f3  DebugMon_Handler               
000051f3  Default_Handler                
00005131  DisableInterrupts              
2000351c  Done0                          
20003520  Done2                          
000020d3  EUSCIA0_IRQHandler             
000020d3  EUSCIA0_IRQHandler             
000020a7  EUSCIA0_InChar                 
00002571  EUSCIA0_InString               
00002127  EUSCIA0_InUDec                 
00002425  EUSCIA0_InUHex                 
00002041  EUSCIA0_Init                   
000020b9  EUSCIA0_OutChar                
00002109  EUSCIA0_OutString              
000021ab  EUSCIA0_OutUDec                
0000233d  EUSCIA0_OutUDec4               
00002375  EUSCIA0_OutUDec5               
000023b1  EUSCIA0_OutUFix1               
000023d9  EUSCIA0_OutUFix2               
000024ed  EUSCIA0_OutUHex                
00002553  EUSCIA0_OutUHex2               
00002531  EUSCIA0outnibble               
000051f3  EUSCIA1_IRQHandler             
000051f3  EUSCIA2_IRQHandler             
000051f3  EUSCIA3_IRQHandler             
000051f3  EUSCIB0_IRQHandler             
000051f3  EUSCIB1_IRQHandler             
000051f3  EUSCIB2_IRQHandler             
000051f3  EUSCIB3_IRQHandler             
20003524  Elapsed                        
00005137  EnableInterrupts               
00005147  EndCritical                    
000051f3  FLCTL_IRQHandler               
000051f3  FPU_IRQHandler                 
20003528  First                          
20003574  First0                         
20003576  First2                         
00004fb1  HOSTclose                      
00004bd5  HOSTlseek                      
00004d0d  HOSTopen                       
00004dc9  HOSTread                       
00004c3d  HOSTrename                     
00004ff5  HOSTunlink                     
00004e21  HOSTwrite                      
000004ed  HandleBump                     
000051f3  HardFault_Handler              
2000352c  I1                             
20003b48  IFlags                         
000004b1  IRSensor_Init                  
20003530  LPFSum                         
20003534  LPFSum2                        
20003538  LPFSum3                        
00002e0d  LPF_Calc                       
00002eb5  LPF_Calc2                      
00002f79  LPF_Calc3                      
00002d4d  LPF_Calc_old                   
00002daf  LPF_Init                       
00002e61  LPF_Init2                      
00002f17  LPF_Init3                      
00002cf9  LPF_Init_old                   
00004429  LaunchPad_Init                 
00004499  LaunchPad_Input                
000044b3  LaunchPad_LED                  
000044d1  LaunchPad_Output               
0000431d  LeftConvert                    
2000353c  MaxTime                        
000051f3  MemManage_Handler              
20003504  Messageb                       
2000350c  Messagec                       
20003540  Messageindexb                  
20003544  Messageindexc                  
00003f45  Motor_Backward                 
00003ea1  Motor_Forward                  
00003df5  Motor_Init                     
00003f0b  Motor_Left                     
00003ed1  Motor_Right                    
00003e7d  Motor_Stop                     
000051f3  NMI_Handler                    
20003548  NumErrors                      
2000354c  NumSuccess                     
000051f3  PCM_IRQHandler                 
000051f3  PORT1_IRQHandler               
000051f3  PORT2_IRQHandler               
000051f3  PORT3_IRQHandler               
000042dd  PORT4_IRQHandler               
000042dd  PORT4_IRQHandler               
000051f3  PORT5_IRQHandler               
000051f3  PORT6_IRQHandler               
000051f3  PSS_IRQHandler                 
0000334b  PWM_Duty1                      
0000336b  PWM_Duty2                      
0000340f  PWM_Duty3                      
0000342f  PWM_Duty4                      
00003261  PWM_Init1                      
000032c7  PWM_Init12                     
0000338b  PWM_Init34                     
000051f3  PendSV_Handler                 
20003578  Period0                        
2000357a  Period2                        
00000511  PeriodMeasure0                 
00000549  PeriodMeasure2                 
20003550  Port4Task                      
000036a5  Port5_Init                     
000036d9  Port7_Init                     
0000370f  Port7_Input                    
000036f9  Port7_Output                   
20003b44  Postwait                       
20003b3c  Prewait                        
00000141  Program5_1                     
000001af  Program5_2                     
0000026f  Program5_3                     
00000359  Program5_4                     
20003554  Pt                             
20003558  Pt2                            
2000355c  Pt3                            
000005e1  RSLK_Reset                     
000051f3  RTC_C_IRQHandler               
000000e5  Random                         
2000357c  ReadData                       
0000376d  Reflectance_Center             
00003847  Reflectance_End                
00003699  Reflectance_Init               
000037b5  Reflectance_Position           
0000372f  Reflectance_Read               
0000382b  Reflectance_Start              
000051e7  Reset_Handler                  
000043b9  RightConvert                   
200033c0  RxFifo0                        
00003603  RxFifo0_Get                    
000035a9  RxFifo0_Init                   
000035b5  RxFifo0_Put                    
00003641  RxFifo0_Size                   
UNDEFED   SHT$$INIT_ARRAY$$Base          
UNDEFED   SHT$$INIT_ARRAY$$Limit         
000051f3  SVC_Handler                    
00000455  SensorRead_ISR                 
20003560  Size                           
0000513d  StartCritical                  
200034c4  String                         
000051f3  SysTick_Handler                
00005039  SysTick_Init                   
20003ba4  SystemCoreClock                
000029cd  SystemCoreClockUpdate          
00002c41  SystemInit                     
000051f3  T32_INT1_IRQHandler            
000051f3  T32_INT2_IRQHandler            
000051f3  T32_INTC_IRQHandler            
000051f3  TA0_0_IRQHandler               
000051f3  TA0_N_IRQHandler               
000048a7  TA1_0_IRQHandler               
000048a7  TA1_0_IRQHandler               
000051f3  TA1_N_IRQHandler               
000051f3  TA2_0_IRQHandler               
000051f3  TA2_N_IRQHandler               
0000418d  TA3_0_IRQHandler               
0000418d  TA3_0_IRQHandler               
000041a7  TA3_N_IRQHandler               
000041a7  TA3_N_IRQHandler               
000005ad  Tachometer_Init                
000000fd  TestFifo                       
00000581  TimedPause                     
20003564  TimerA1Task                    
00004835  TimerA1_Init                   
00004893  TimerA1_Stop                   
000040e9  TimerA3Capture_Init            
20003442  TxFifo0                        
00003515  TxFifo0_Get                    
00003489  TxFifo0_Init                   
000034bb  TxFifo0_Put                    
00003553  TxFifo0_Size                   
20003000  TxHistogram                    
000019cb  UART0_InChar                   
00001e55  UART0_InString                 
00001a15  UART0_InUDec                   
00001d09  UART0_InUHex                   
00001985  UART0_Init                     
00001fb5  UART0_Initprintf               
000019db  UART0_OutChar                  
000019f7  UART0_OutString                
00001a99  UART0_OutUDec                  
00001c05  UART0_OutUDec4                 
00001c59  UART0_OutUDec5                 
00001c95  UART0_OutUFix1                 
00001cbd  UART0_OutUFix2                 
00001dcd  UART0_OutUHex                  
00001e39  UART0_OutUHex2                 
000051f3  UsageFault_Handler             
4000480c  WDTCTL_SYM                     
000051f3  WDT_A_IRQHandler               
0000514f  WaitForInterrupt               
2000357d  WriteData                      
20003200  __CIOBUF_                      
20010000  __STACK_END                    
00000200  __STACK_SIZE                   
00000400  __SYSMEM_SIZE                  
000052c0  __TI_CINIT_Base                
000052d0  __TI_CINIT_Limit               
000052a8  __TI_Handler_Table_Base        
000052b4  __TI_Handler_Table_Limit       
00004a8d  __TI_auto_init                 
00003b41  __TI_cleanup                   
20003b60  __TI_cleanup_ptr               
00004979  __TI_closefile                 
00004b6d  __TI_decompress_lzss           
000051d9  __TI_decompress_none           
000045f9  __TI_doflush                   
20003b64  __TI_dtors_ptr                 
20003b68  __TI_enable_exit_profile_output
20003b50  __TI_ft_end                    
ffffffff  __TI_pprof_out_hndl            
ffffffff  __TI_prof_data_size            
ffffffff  __TI_prof_data_start           
00004cd7  __TI_readmsg                   
00000000  __TI_static_base__             
20003320  __TI_tmpnams                   
00004ca5  __TI_writemsg                  
000051f5  __TI_zero_init                 
00004f6d  __aeabi_d2uiz                  
00003c47  __aeabi_dadd                   
00003fa5  __aeabi_ddiv                   
00003c3d  __aeabi_dsub                   
000050af  __aeabi_i2d                    
00004a11  __aeabi_memclr                 
00004a11  __aeabi_memclr4                
00004a11  __aeabi_memclr8                
000048dd  __aeabi_memcpy                 
000048dd  __aeabi_memcpy4                
000048dd  __aeabi_memcpy8                
00004a13  __aeabi_memset                 
00004a13  __aeabi_memset4                
00004a13  __aeabi_memset8                
20003b5c  __aeabi_stderr                 
20003b54  __aeabi_stdin                  
20003b58  __aeabi_stdout                 
ffffffff  __binit__                      
ffffffff  __c_args__                     
000025fb  __mpu_init                     
2000fe00  __stack                        
00005155  _args_main                     
00004e79  _c_int00                       
20003a70  _device                        
20003980  _ftable                        
20003b78  _lock                          
000051ab  _nop                           
000051a3  _register_lock                 
0000519d  _register_unlock               
20003ae8  _stream                        
20003580  _sys_memory                    
00003df3  _system_post_cinit             
00005201  _system_pre_init               
20003b7c  _unlock                        
00004ed1  abort                          
0000477d  add_device                     
ffffffff  binit                          
2000357e  bumpData                       
2000357f  bumpFlag                       
0000299d  calloc                         
00004d6d  close                          
00004f21  copy_in                        
000039b5  delay                          
00004ed9  exit                           
000049df  fclose                         
00001eef  ferror                         
00004645  fflush                         
00001ecf  fgetc                          
00004afd  finddevice                     
00003b97  fopen                          
000026e7  free                           
00003b6d  freopen                        
00004b27  getdevice                      
00000000  interruptVectors               
0000070d  main                           
20003ba0  main_func_sp                   
0000267d  malloc                         
20003b90  max                            
000028b1  memalign                       
000048dd  memcpy                         
00004a19  memset                         
000025fd  minit                          
20003568  nc                             
2000356c  nl                             
20003570  nr                             
000046c1  open                           
00001e11  outnibble                      
20003514  parmbuf                        
000027a7  realloc                        
000050dd  remove                         
0000451d  setvbuf                        
00005185  strchr                         
0000516d  strcmp                         
000051b1  strcpy                         
000051c5  strlen                         
00005079  strncpy                        
000040dd  ta3dummy                       
000005a1  toggle_GPIO                    
00001f0d  uart_close                     
00001f8b  uart_lseek                     
00001efd  uart_open                      
00001f1f  uart_read                      
00001fa7  uart_rename                    
00001f9b  uart_unlink                    
00001f49  uart_write                     
000050dd  unlink                         
00005109  write                          
20000000  x                              
20001000  x2                             
20002000  x3                             


GLOBAL SYMBOLS: SORTED BY Symbol Address 

address   name                           
-------   ----                           
00000000  __TI_static_base__             
00000000  interruptVectors               
000000e5  Random                         
000000fd  TestFifo                       
00000141  Program5_1                     
000001af  Program5_2                     
00000200  __STACK_SIZE                   
0000026f  Program5_3                     
00000359  Program5_4                     
00000400  __SYSMEM_SIZE                  
00000455  SensorRead_ISR                 
000004b1  IRSensor_Init                  
000004ed  HandleBump                     
00000511  PeriodMeasure0                 
00000549  PeriodMeasure2                 
00000581  TimedPause                     
000005a1  toggle_GPIO                    
000005ad  Tachometer_Init                
000005e1  RSLK_Reset                     
0000070d  main                           
00001985  UART0_Init                     
000019cb  UART0_InChar                   
000019db  UART0_OutChar                  
000019f7  UART0_OutString                
00001a15  UART0_InUDec                   
00001a99  UART0_OutUDec                  
00001c05  UART0_OutUDec4                 
00001c59  UART0_OutUDec5                 
00001c95  UART0_OutUFix1                 
00001cbd  UART0_OutUFix2                 
00001d09  UART0_InUHex                   
00001dcd  UART0_OutUHex                  
00001e11  outnibble                      
00001e39  UART0_OutUHex2                 
00001e55  UART0_InString                 
00001ecf  fgetc                          
00001eef  ferror                         
00001efd  uart_open                      
00001f0d  uart_close                     
00001f1f  uart_read                      
00001f49  uart_write                     
00001f8b  uart_lseek                     
00001f9b  uart_unlink                    
00001fa7  uart_rename                    
00001fb5  UART0_Initprintf               
00002041  EUSCIA0_Init                   
000020a7  EUSCIA0_InChar                 
000020b9  EUSCIA0_OutChar                
000020d3  EUSCIA0_IRQHandler             
000020d3  EUSCIA0_IRQHandler             
00002109  EUSCIA0_OutString              
00002127  EUSCIA0_InUDec                 
000021ab  EUSCIA0_OutUDec                
0000233d  EUSCIA0_OutUDec4               
00002375  EUSCIA0_OutUDec5               
000023b1  EUSCIA0_OutUFix1               
000023d9  EUSCIA0_OutUFix2               
00002425  EUSCIA0_InUHex                 
000024ed  EUSCIA0_OutUHex                
00002531  EUSCIA0outnibble               
00002553  EUSCIA0_OutUHex2               
00002571  EUSCIA0_InString               
000025fb  __mpu_init                     
000025fd  minit                          
0000267d  malloc                         
000026e7  free                           
000027a7  realloc                        
000028b1  memalign                       
0000299d  calloc                         
000029cd  SystemCoreClockUpdate          
00002c41  SystemInit                     
00002cf9  LPF_Init_old                   
00002d4d  LPF_Calc_old                   
00002daf  LPF_Init                       
00002e0d  LPF_Calc                       
00002e61  LPF_Init2                      
00002eb5  LPF_Calc2                      
00002f17  LPF_Init3                      
00002f79  LPF_Calc3                      
00003001  ADC0_InitSWTriggerCh6          
00003051  ADC_In6                        
00003071  ADC0_InitSWTriggerCh67         
000030c7  ADC_In67                       
000030fd  ADC0_InitSWTriggerCh12         
0000314d  ADC_In12                       
0000316d  ADC0_InitSWTriggerCh17_12_16   
000031dd  ADC_In17_12_16                 
00003261  PWM_Init1                      
000032c7  PWM_Init12                     
0000334b  PWM_Duty1                      
0000336b  PWM_Duty2                      
0000338b  PWM_Init34                     
0000340f  PWM_Duty3                      
0000342f  PWM_Duty4                      
00003489  TxFifo0_Init                   
000034bb  TxFifo0_Put                    
00003515  TxFifo0_Get                    
00003553  TxFifo0_Size                   
000035a9  RxFifo0_Init                   
000035b5  RxFifo0_Put                    
00003603  RxFifo0_Get                    
00003641  RxFifo0_Size                   
00003699  Reflectance_Init               
000036a5  Port5_Init                     
000036d9  Port7_Init                     
000036f9  Port7_Output                   
0000370f  Port7_Input                    
0000372f  Reflectance_Read               
0000376d  Reflectance_Center             
000037b5  Reflectance_Position           
0000382b  Reflectance_Start              
00003847  Reflectance_End                
00003899  Clock_Init48MHz                
000039af  Clock_GetFreq                  
000039b5  delay                          
000039c3  Clock_Delay1us                 
000039ed  Clock_Delay1ms                 
00003b41  __TI_cleanup                   
00003b6d  freopen                        
00003b97  fopen                          
00003c3d  __aeabi_dsub                   
00003c47  __aeabi_dadd                   
00003df3  _system_post_cinit             
00003df5  Motor_Init                     
00003e7d  Motor_Stop                     
00003ea1  Motor_Forward                  
00003ed1  Motor_Right                    
00003f0b  Motor_Left                     
00003f45  Motor_Backward                 
00003fa5  __aeabi_ddiv                   
000040dd  ta3dummy                       
000040e9  TimerA3Capture_Init            
0000418d  TA3_0_IRQHandler               
0000418d  TA3_0_IRQHandler               
000041a7  TA3_N_IRQHandler               
000041a7  TA3_N_IRQHandler               
00004209  BumpInt_Init                   
0000427f  Bump_Read                      
000042dd  PORT4_IRQHandler               
000042dd  PORT4_IRQHandler               
0000431d  LeftConvert                    
0000436b  CenterConvert                  
000043b9  RightConvert                   
00004429  LaunchPad_Init                 
00004499  LaunchPad_Input                
000044b3  LaunchPad_LED                  
000044d1  LaunchPad_Output               
0000451d  setvbuf                        
000045f9  __TI_doflush                   
00004645  fflush                         
000046c1  open                           
0000477d  add_device                     
00004835  TimerA1_Init                   
00004893  TimerA1_Stop                   
000048a7  TA1_0_IRQHandler               
000048a7  TA1_0_IRQHandler               
000048dd  __aeabi_memcpy                 
000048dd  __aeabi_memcpy4                
000048dd  __aeabi_memcpy8                
000048dd  memcpy                         
00004979  __TI_closefile                 
000049df  fclose                         
00004a11  __aeabi_memclr                 
00004a11  __aeabi_memclr4                
00004a11  __aeabi_memclr8                
00004a13  __aeabi_memset                 
00004a13  __aeabi_memset4                
00004a13  __aeabi_memset8                
00004a19  memset                         
00004a8d  __TI_auto_init                 
00004afd  finddevice                     
00004b27  getdevice                      
00004b6d  __TI_decompress_lzss           
00004bd5  HOSTlseek                      
00004c3d  HOSTrename                     
00004ca5  __TI_writemsg                  
00004cd3  C$$IO$$                        
00004cd7  __TI_readmsg                   
00004d0d  HOSTopen                       
00004d6d  close                          
00004dc9  HOSTread                       
00004e21  HOSTwrite                      
00004e79  _c_int00                       
00004ecd  C$$EXIT                        
00004ed1  abort                          
00004ed9  exit                           
00004f21  copy_in                        
00004f6d  __aeabi_d2uiz                  
00004fb1  HOSTclose                      
00004ff5  HOSTunlink                     
00005039  SysTick_Init                   
00005079  strncpy                        
000050af  __aeabi_i2d                    
000050dd  remove                         
000050dd  unlink                         
00005109  write                          
00005131  DisableInterrupts              
00005137  EnableInterrupts               
0000513d  StartCritical                  
00005147  EndCritical                    
0000514f  WaitForInterrupt               
00005155  _args_main                     
0000516d  strcmp                         
00005185  strchr                         
0000519d  _register_unlock               
000051a3  _register_lock                 
000051ab  _nop                           
000051b1  strcpy                         
000051c5  strlen                         
000051d9  __TI_decompress_none           
000051e7  Reset_Handler                  
000051f3  ADC14_IRQHandler               
000051f3  AES256_IRQHandler              
000051f3  BusFault_Handler               
000051f3  COMP_E0_IRQHandler             
000051f3  COMP_E1_IRQHandler             
000051f3  CS_IRQHandler                  
000051f3  DMA_ERR_IRQHandler             
000051f3  DMA_INT0_IRQHandler            
000051f3  DMA_INT1_IRQHandler            
000051f3  DMA_INT2_IRQHandler            
000051f3  DMA_INT3_IRQHandler            
000051f3  DebugMon_Handler               
000051f3  Default_Handler                
000051f3  EUSCIA1_IRQHandler             
000051f3  EUSCIA2_IRQHandler             
000051f3  EUSCIA3_IRQHandler             
000051f3  EUSCIB0_IRQHandler             
000051f3  EUSCIB1_IRQHandler             
000051f3  EUSCIB2_IRQHandler             
000051f3  EUSCIB3_IRQHandler             
000051f3  FLCTL_IRQHandler               
000051f3  FPU_IRQHandler                 
000051f3  HardFault_Handler              
000051f3  MemManage_Handler              
000051f3  NMI_Handler                    
000051f3  PCM_IRQHandler                 
000051f3  PORT1_IRQHandler               
000051f3  PORT2_IRQHandler               
000051f3  PORT3_IRQHandler               
000051f3  PORT5_IRQHandler               
000051f3  PORT6_IRQHandler               
000051f3  PSS_IRQHandler                 
000051f3  PendSV_Handler                 
000051f3  RTC_C_IRQHandler               
000051f3  SVC_Handler                    
000051f3  SysTick_Handler                
000051f3  T32_INT1_IRQHandler            
000051f3  T32_INT2_IRQHandler            
000051f3  T32_INTC_IRQHandler            
000051f3  TA0_0_IRQHandler               
000051f3  TA0_N_IRQHandler               
000051f3  TA1_N_IRQHandler               
000051f3  TA2_0_IRQHandler               
000051f3  TA2_N_IRQHandler               
000051f3  UsageFault_Handler             
000051f3  WDT_A_IRQHandler               
000051f5  __TI_zero_init                 
00005201  _system_pre_init               
000052a8  __TI_Handler_Table_Base        
000052b4  __TI_Handler_Table_Limit       
000052c0  __TI_CINIT_Base                
000052d0  __TI_CINIT_Limit               
20000000  x                              
20001000  x2                             
20002000  x3                             
20003000  TxHistogram                    
20003200  __CIOBUF_                      
20003320  __TI_tmpnams                   
200033c0  RxFifo0                        
20003442  TxFifo0                        
200034c4  String                         
20003504  Messageb                       
2000350c  Messagec                       
20003514  parmbuf                        
2000351c  Done0                          
20003520  Done2                          
20003524  Elapsed                        
20003528  First                          
2000352c  I1                             
20003530  LPFSum                         
20003534  LPFSum2                        
20003538  LPFSum3                        
2000353c  MaxTime                        
20003540  Messageindexb                  
20003544  Messageindexc                  
20003548  NumErrors                      
2000354c  NumSuccess                     
20003550  Port4Task                      
20003554  Pt                             
20003558  Pt2                            
2000355c  Pt3                            
20003560  Size                           
20003564  TimerA1Task                    
20003568  nc                             
2000356c  nl                             
20003570  nr                             
20003574  First0                         
20003576  First2                         
20003578  Period0                        
2000357a  Period2                        
2000357c  ReadData                       
2000357d  WriteData                      
2000357e  bumpData                       
2000357f  bumpFlag                       
20003580  _sys_memory                    
20003980  _ftable                        
20003a70  _device                        
20003ae8  _stream                        
20003b38  ClockFrequency                 
20003b3c  Prewait                        
20003b40  CPMwait                        
20003b44  Postwait                       
20003b48  IFlags                         
20003b4c  Crystalstable                  
20003b50  __TI_ft_end                    
20003b54  __aeabi_stdin                  
20003b58  __aeabi_stdout                 
20003b5c  __aeabi_stderr                 
20003b60  __TI_cleanup_ptr               
20003b64  __TI_dtors_ptr                 
20003b68  __TI_enable_exit_profile_output
20003b78  _lock                          
20003b7c  _unlock                        
20003b80  ADCflag                        
20003b88  CaptureTask0                   
20003b8c  CaptureTask2                   
20003b90  max                            
20003ba0  main_func_sp                   
20003ba4  SystemCoreClock                
2000fe00  __stack                        
20010000  __STACK_END                    
4000480c  WDTCTL_SYM                     
ffffffff  __TI_pprof_out_hndl            
ffffffff  __TI_prof_data_size            
ffffffff  __TI_prof_data_start           
ffffffff  __binit__                      
ffffffff  __c_args__                     
ffffffff  binit                          
UNDEFED   SHT$$INIT_ARRAY$$Base          
UNDEFED   SHT$$INIT_ARRAY$$Limit         

[341 symbols]
