<?xml version="1.0"?>
<link_info>
   <banner>TI ARM Linker PC v16.9.6.LTS</banner>
   <copyright>Copyright (c) 1996-2017 Texas Instruments Incorporated</copyright>
   <link_time>0x5f97bb78</link_time>
   <link_errors>0x0</link_errors>
   <output_file>Lab5_UARTComms.out</output_file>
   <entry_point>
      <name>_c_int00</name>
      <address>0x4e79</address>
   </entry_point>
   <input_file_list>
      <input_file id="fl-2">
         <path>.\</path>
         <kind>object</kind>
         <file>ADC14.obj</file>
         <name>ADC14.obj</name>
      </input_file>
      <input_file id="fl-3">
         <path>.\</path>
         <kind>object</kind>
         <file>BumpInt.obj</file>
         <name>BumpInt.obj</name>
      </input_file>
      <input_file id="fl-4">
         <path>.\</path>
         <kind>object</kind>
         <file>Clock.obj</file>
         <name>Clock.obj</name>
      </input_file>
      <input_file id="fl-5">
         <path>.\</path>
         <kind>object</kind>
         <file>CortexM.obj</file>
         <name>CortexM.obj</name>
      </input_file>
      <input_file id="fl-6">
         <path>.\</path>
         <kind>object</kind>
         <file>EUSCIA0.obj</file>
         <name>EUSCIA0.obj</name>
      </input_file>
      <input_file id="fl-7">
         <path>.\</path>
         <kind>object</kind>
         <file>FIFO0.obj</file>
         <name>FIFO0.obj</name>
      </input_file>
      <input_file id="fl-8">
         <path>.\</path>
         <kind>object</kind>
         <file>IRDistance.obj</file>
         <name>IRDistance.obj</name>
      </input_file>
      <input_file id="fl-9">
         <path>.\</path>
         <kind>object</kind>
         <file>LPF.obj</file>
         <name>LPF.obj</name>
      </input_file>
      <input_file id="fl-a">
         <path>.\</path>
         <kind>object</kind>
         <file>Lab5_UARTmain.obj</file>
         <name>Lab5_UARTmain.obj</name>
      </input_file>
      <input_file id="fl-b">
         <path>.\</path>
         <kind>object</kind>
         <file>LaunchPad.obj</file>
         <name>LaunchPad.obj</name>
      </input_file>
      <input_file id="fl-c">
         <path>.\</path>
         <kind>object</kind>
         <file>Motor.obj</file>
         <name>Motor.obj</name>
      </input_file>
      <input_file id="fl-d">
         <path>.\</path>
         <kind>object</kind>
         <file>PWM.obj</file>
         <name>PWM.obj</name>
      </input_file>
      <input_file id="fl-e">
         <path>.\</path>
         <kind>object</kind>
         <file>Reflectance.obj</file>
         <name>Reflectance.obj</name>
      </input_file>
      <input_file id="fl-f">
         <path>.\</path>
         <kind>object</kind>
         <file>SysTickInts.obj</file>
         <name>SysTickInts.obj</name>
      </input_file>
      <input_file id="fl-10">
         <path>.\</path>
         <kind>object</kind>
         <file>TA3InputCapture.obj</file>
         <name>TA3InputCapture.obj</name>
      </input_file>
      <input_file id="fl-11">
         <path>.\</path>
         <kind>object</kind>
         <file>TimerA1.obj</file>
         <name>TimerA1.obj</name>
      </input_file>
      <input_file id="fl-12">
         <path>.\</path>
         <kind>object</kind>
         <file>UART0.obj</file>
         <name>UART0.obj</name>
      </input_file>
      <input_file id="fl-13">
         <path>.\</path>
         <kind>object</kind>
         <file>startup_msp432p401r_ccs.obj</file>
         <name>startup_msp432p401r_ccs.obj</name>
      </input_file>
      <input_file id="fl-14">
         <path>.\</path>
         <kind>object</kind>
         <file>system_msp432p401r.obj</file>
         <name>system_msp432p401r.obj</name>
      </input_file>
      <input_file id="fl-18">
         <kind>object</kind>
         <file>&lt;internal&gt;</file>
         <name>&lt;internal&gt;</name>
      </input_file>
      <input_file id="fl-ce">
         <path>C:\ti\ccsv7\tools\compiler\ti-cgt-arm_16.9.6.LTS\lib\</path>
         <kind>archive</kind>
         <file>rtsv7M4_T_le_v4SPD16_eabi.lib</file>
         <name>add_device.obj</name>
      </input_file>
      <input_file id="fl-cf">
         <path>C:\ti\ccsv7\tools\compiler\ti-cgt-arm_16.9.6.LTS\lib\</path>
         <kind>archive</kind>
         <file>rtsv7M4_T_le_v4SPD16_eabi.lib</file>
         <name>boot.obj</name>
      </input_file>
      <input_file id="fl-d0">
         <path>C:\ti\ccsv7\tools\compiler\ti-cgt-arm_16.9.6.LTS\lib\</path>
         <kind>archive</kind>
         <file>rtsv7M4_T_le_v4SPD16_eabi.lib</file>
         <name>copy_decompress_lzss.obj</name>
      </input_file>
      <input_file id="fl-d1">
         <path>C:\ti\ccsv7\tools\compiler\ti-cgt-arm_16.9.6.LTS\lib\</path>
         <kind>archive</kind>
         <file>rtsv7M4_T_le_v4SPD16_eabi.lib</file>
         <name>copy_decompress_none.obj</name>
      </input_file>
      <input_file id="fl-d2">
         <path>C:\ti\ccsv7\tools\compiler\ti-cgt-arm_16.9.6.LTS\lib\</path>
         <kind>archive</kind>
         <file>rtsv7M4_T_le_v4SPD16_eabi.lib</file>
         <name>copy_zero_init.obj</name>
      </input_file>
      <input_file id="fl-d3">
         <path>C:\ti\ccsv7\tools\compiler\ti-cgt-arm_16.9.6.LTS\lib\</path>
         <kind>archive</kind>
         <file>rtsv7M4_T_le_v4SPD16_eabi.lib</file>
         <name>defs.obj</name>
      </input_file>
      <input_file id="fl-d4">
         <path>C:\ti\ccsv7\tools\compiler\ti-cgt-arm_16.9.6.LTS\lib\</path>
         <kind>archive</kind>
         <file>rtsv7M4_T_le_v4SPD16_eabi.lib</file>
         <name>exit.obj</name>
      </input_file>
      <input_file id="fl-d5">
         <path>C:\ti\ccsv7\tools\compiler\ti-cgt-arm_16.9.6.LTS\lib\</path>
         <kind>archive</kind>
         <file>rtsv7M4_T_le_v4SPD16_eabi.lib</file>
         <name>fd_add_t2.obj</name>
      </input_file>
      <input_file id="fl-d6">
         <path>C:\ti\ccsv7\tools\compiler\ti-cgt-arm_16.9.6.LTS\lib\</path>
         <kind>archive</kind>
         <file>rtsv7M4_T_le_v4SPD16_eabi.lib</file>
         <name>fd_div_t2.obj</name>
      </input_file>
      <input_file id="fl-d7">
         <path>C:\ti\ccsv7\tools\compiler\ti-cgt-arm_16.9.6.LTS\lib\</path>
         <kind>archive</kind>
         <file>rtsv7M4_T_le_v4SPD16_eabi.lib</file>
         <name>fd_tou_t2.obj</name>
      </input_file>
      <input_file id="fl-d8">
         <path>C:\ti\ccsv7\tools\compiler\ti-cgt-arm_16.9.6.LTS\lib\</path>
         <kind>archive</kind>
         <file>rtsv7M4_T_le_v4SPD16_eabi.lib</file>
         <name>fopen.obj</name>
      </input_file>
      <input_file id="fl-d9">
         <path>C:\ti\ccsv7\tools\compiler\ti-cgt-arm_16.9.6.LTS\lib\</path>
         <kind>archive</kind>
         <file>rtsv7M4_T_le_v4SPD16_eabi.lib</file>
         <name>getdevice.obj</name>
      </input_file>
      <input_file id="fl-da">
         <path>C:\ti\ccsv7\tools\compiler\ti-cgt-arm_16.9.6.LTS\lib\</path>
         <kind>archive</kind>
         <file>rtsv7M4_T_le_v4SPD16_eabi.lib</file>
         <name>i_tofd_t2.obj</name>
      </input_file>
      <input_file id="fl-db">
         <path>C:\ti\ccsv7\tools\compiler\ti-cgt-arm_16.9.6.LTS\lib\</path>
         <kind>archive</kind>
         <file>rtsv7M4_T_le_v4SPD16_eabi.lib</file>
         <name>memcpy_t2.obj</name>
      </input_file>
      <input_file id="fl-dc">
         <path>C:\ti\ccsv7\tools\compiler\ti-cgt-arm_16.9.6.LTS\lib\</path>
         <kind>archive</kind>
         <file>rtsv7M4_T_le_v4SPD16_eabi.lib</file>
         <name>memset_t2.obj</name>
      </input_file>
      <input_file id="fl-dd">
         <path>C:\ti\ccsv7\tools\compiler\ti-cgt-arm_16.9.6.LTS\lib\</path>
         <kind>archive</kind>
         <file>rtsv7M4_T_le_v4SPD16_eabi.lib</file>
         <name>mpu_init.obj</name>
      </input_file>
      <input_file id="fl-de">
         <path>C:\ti\ccsv7\tools\compiler\ti-cgt-arm_16.9.6.LTS\lib\</path>
         <kind>archive</kind>
         <file>rtsv7M4_T_le_v4SPD16_eabi.lib</file>
         <name>open.obj</name>
      </input_file>
      <input_file id="fl-df">
         <path>C:\ti\ccsv7\tools\compiler\ti-cgt-arm_16.9.6.LTS\lib\</path>
         <kind>archive</kind>
         <file>rtsv7M4_T_le_v4SPD16_eabi.lib</file>
         <name>pre_init.obj</name>
      </input_file>
      <input_file id="fl-e0">
         <path>C:\ti\ccsv7\tools\compiler\ti-cgt-arm_16.9.6.LTS\lib\</path>
         <kind>archive</kind>
         <file>rtsv7M4_T_le_v4SPD16_eabi.lib</file>
         <name>setvbuf.obj</name>
      </input_file>
      <input_file id="fl-e1">
         <path>C:\ti\ccsv7\tools\compiler\ti-cgt-arm_16.9.6.LTS\lib\</path>
         <kind>archive</kind>
         <file>rtsv7M4_T_le_v4SPD16_eabi.lib</file>
         <name>stkdepth_vars.obj</name>
      </input_file>
      <input_file id="fl-e2">
         <path>C:\ti\ccsv7\tools\compiler\ti-cgt-arm_16.9.6.LTS\lib\</path>
         <kind>archive</kind>
         <file>rtsv7M4_T_le_v4SPD16_eabi.lib</file>
         <name>strchr.obj</name>
      </input_file>
      <input_file id="fl-e3">
         <path>C:\ti\ccsv7\tools\compiler\ti-cgt-arm_16.9.6.LTS\lib\</path>
         <kind>archive</kind>
         <file>rtsv7M4_T_le_v4SPD16_eabi.lib</file>
         <name>strcmp.obj</name>
      </input_file>
      <input_file id="fl-e4">
         <path>C:\ti\ccsv7\tools\compiler\ti-cgt-arm_16.9.6.LTS\lib\</path>
         <kind>archive</kind>
         <file>rtsv7M4_T_le_v4SPD16_eabi.lib</file>
         <name>strncpy.obj</name>
      </input_file>
      <input_file id="fl-e5">
         <path>C:\ti\ccsv7\tools\compiler\ti-cgt-arm_16.9.6.LTS\lib\</path>
         <kind>archive</kind>
         <file>rtsv7M4_T_le_v4SPD16_eabi.lib</file>
         <name>write.obj</name>
      </input_file>
      <input_file id="fl-e6">
         <path>C:\ti\ccsv7\tools\compiler\ti-cgt-arm_16.9.6.LTS\lib\</path>
         <kind>archive</kind>
         <file>rtsv7M4_T_le_v4SPD16_eabi.lib</file>
         <name>_lock.obj</name>
      </input_file>
      <input_file id="fl-e7">
         <path>C:\ti\ccsv7\tools\compiler\ti-cgt-arm_16.9.6.LTS\lib\</path>
         <kind>archive</kind>
         <file>rtsv7M4_T_le_v4SPD16_eabi.lib</file>
         <name>args_main.obj</name>
      </input_file>
      <input_file id="fl-e8">
         <path>C:\ti\ccsv7\tools\compiler\ti-cgt-arm_16.9.6.LTS\lib\</path>
         <kind>archive</kind>
         <file>rtsv7M4_T_le_v4SPD16_eabi.lib</file>
         <name>autoinit.obj</name>
      </input_file>
      <input_file id="fl-e9">
         <path>C:\ti\ccsv7\tools\compiler\ti-cgt-arm_16.9.6.LTS\lib\</path>
         <kind>archive</kind>
         <file>rtsv7M4_T_le_v4SPD16_eabi.lib</file>
         <name>cpy_tbl.obj</name>
      </input_file>
      <input_file id="fl-ea">
         <path>C:\ti\ccsv7\tools\compiler\ti-cgt-arm_16.9.6.LTS\lib\</path>
         <kind>archive</kind>
         <file>rtsv7M4_T_le_v4SPD16_eabi.lib</file>
         <name>fclose.obj</name>
      </input_file>
      <input_file id="fl-eb">
         <path>C:\ti\ccsv7\tools\compiler\ti-cgt-arm_16.9.6.LTS\lib\</path>
         <kind>archive</kind>
         <file>rtsv7M4_T_le_v4SPD16_eabi.lib</file>
         <name>fflush.obj</name>
      </input_file>
      <input_file id="fl-ec">
         <path>C:\ti\ccsv7\tools\compiler\ti-cgt-arm_16.9.6.LTS\lib\</path>
         <kind>archive</kind>
         <file>rtsv7M4_T_le_v4SPD16_eabi.lib</file>
         <name>hostclose.obj</name>
      </input_file>
      <input_file id="fl-ed">
         <path>C:\ti\ccsv7\tools\compiler\ti-cgt-arm_16.9.6.LTS\lib\</path>
         <kind>archive</kind>
         <file>rtsv7M4_T_le_v4SPD16_eabi.lib</file>
         <name>hostlseek.obj</name>
      </input_file>
      <input_file id="fl-ee">
         <path>C:\ti\ccsv7\tools\compiler\ti-cgt-arm_16.9.6.LTS\lib\</path>
         <kind>archive</kind>
         <file>rtsv7M4_T_le_v4SPD16_eabi.lib</file>
         <name>hostopen.obj</name>
      </input_file>
      <input_file id="fl-ef">
         <path>C:\ti\ccsv7\tools\compiler\ti-cgt-arm_16.9.6.LTS\lib\</path>
         <kind>archive</kind>
         <file>rtsv7M4_T_le_v4SPD16_eabi.lib</file>
         <name>hostread.obj</name>
      </input_file>
      <input_file id="fl-f0">
         <path>C:\ti\ccsv7\tools\compiler\ti-cgt-arm_16.9.6.LTS\lib\</path>
         <kind>archive</kind>
         <file>rtsv7M4_T_le_v4SPD16_eabi.lib</file>
         <name>hostrename.obj</name>
      </input_file>
      <input_file id="fl-f1">
         <path>C:\ti\ccsv7\tools\compiler\ti-cgt-arm_16.9.6.LTS\lib\</path>
         <kind>archive</kind>
         <file>rtsv7M4_T_le_v4SPD16_eabi.lib</file>
         <name>hostunlink.obj</name>
      </input_file>
      <input_file id="fl-f2">
         <path>C:\ti\ccsv7\tools\compiler\ti-cgt-arm_16.9.6.LTS\lib\</path>
         <kind>archive</kind>
         <file>rtsv7M4_T_le_v4SPD16_eabi.lib</file>
         <name>hostwrite.obj</name>
      </input_file>
      <input_file id="fl-f3">
         <path>C:\ti\ccsv7\tools\compiler\ti-cgt-arm_16.9.6.LTS\lib\</path>
         <kind>archive</kind>
         <file>rtsv7M4_T_le_v4SPD16_eabi.lib</file>
         <name>memory.obj</name>
      </input_file>
      <input_file id="fl-f4">
         <path>C:\ti\ccsv7\tools\compiler\ti-cgt-arm_16.9.6.LTS\lib\</path>
         <kind>archive</kind>
         <file>rtsv7M4_T_le_v4SPD16_eabi.lib</file>
         <name>remove.obj</name>
      </input_file>
      <input_file id="fl-f5">
         <path>C:\ti\ccsv7\tools\compiler\ti-cgt-arm_16.9.6.LTS\lib\</path>
         <kind>archive</kind>
         <file>rtsv7M4_T_le_v4SPD16_eabi.lib</file>
         <name>startup.obj</name>
      </input_file>
      <input_file id="fl-f6">
         <path>C:\ti\ccsv7\tools\compiler\ti-cgt-arm_16.9.6.LTS\lib\</path>
         <kind>archive</kind>
         <file>rtsv7M4_T_le_v4SPD16_eabi.lib</file>
         <name>strcpy.obj</name>
      </input_file>
      <input_file id="fl-f7">
         <path>C:\ti\ccsv7\tools\compiler\ti-cgt-arm_16.9.6.LTS\lib\</path>
         <kind>archive</kind>
         <file>rtsv7M4_T_le_v4SPD16_eabi.lib</file>
         <name>strlen.obj</name>
      </input_file>
      <input_file id="fl-f8">
         <path>C:\ti\ccsv7\tools\compiler\ti-cgt-arm_16.9.6.LTS\lib\</path>
         <kind>archive</kind>
         <file>rtsv7M4_T_le_v4SPD16_eabi.lib</file>
         <name>trgmsg.obj</name>
      </input_file>
      <input_file id="fl-f9">
         <path>C:\ti\ccsv7\tools\compiler\ti-cgt-arm_16.9.6.LTS\lib\</path>
         <kind>archive</kind>
         <file>rtsv7M4_T_le_v4SPD16_eabi.lib</file>
         <name>unlink.obj</name>
      </input_file>
      <input_file id="fl-fa">
         <path>C:\ti\ccsv7\tools\compiler\ti-cgt-arm_16.9.6.LTS\lib\</path>
         <kind>archive</kind>
         <file>rtsv7M4_T_le_v4SPD16_eabi.lib</file>
         <name>close.obj</name>
      </input_file>
   </input_file_list>
   <object_component_list>
      <object_component id="oc-2c">
         <name>.intvecs:retain</name>
         <load_address>0x0</load_address>
         <run_address>0x0</run_address>
         <size>0xe4</size>
         <input_file_ref idref="fl-13"/>
      </object_component>
      <object_component id="oc-c3">
         <name>.text</name>
         <load_address>0xe4</load_address>
         <run_address>0xe4</run_address>
         <size>0x18a0</size>
         <input_file_ref idref="fl-a"/>
      </object_component>
      <object_component id="oc-125">
         <name>.text</name>
         <load_address>0x1984</load_address>
         <run_address>0x1984</run_address>
         <size>0x6bc</size>
         <input_file_ref idref="fl-12"/>
      </object_component>
      <object_component id="oc-8a">
         <name>.text</name>
         <load_address>0x2040</load_address>
         <run_address>0x2040</run_address>
         <size>0x5ba</size>
         <input_file_ref idref="fl-6"/>
      </object_component>
      <object_component id="oc-56">
         <name>.text</name>
         <load_address>0x25fa</load_address>
         <run_address>0x25fa</run_address>
         <size>0x2</size>
         <input_file_ref idref="fl-dd"/>
      </object_component>
      <object_component id="oc-246">
         <name>.text</name>
         <load_address>0x25fc</load_address>
         <run_address>0x25fc</run_address>
         <size>0x3d0</size>
         <input_file_ref idref="fl-f3"/>
      </object_component>
      <object_component id="oc-d6">
         <name>.text</name>
         <load_address>0x29cc</load_address>
         <run_address>0x29cc</run_address>
         <size>0x32c</size>
         <input_file_ref idref="fl-14"/>
      </object_component>
      <object_component id="oc-145">
         <name>.text</name>
         <load_address>0x2cf8</load_address>
         <run_address>0x2cf8</run_address>
         <size>0x308</size>
         <input_file_ref idref="fl-9"/>
      </object_component>
      <object_component id="oc-13f">
         <name>.text</name>
         <load_address>0x3000</load_address>
         <run_address>0x3000</run_address>
         <size>0x260</size>
         <input_file_ref idref="fl-2"/>
      </object_component>
      <object_component id="oc-1e8">
         <name>.text</name>
         <load_address>0x3260</load_address>
         <run_address>0x3260</run_address>
         <size>0x228</size>
         <input_file_ref idref="fl-d"/>
      </object_component>
      <object_component id="oc-eb">
         <name>.text</name>
         <load_address>0x3488</load_address>
         <run_address>0x3488</run_address>
         <size>0x210</size>
         <input_file_ref idref="fl-7"/>
      </object_component>
      <object_component id="oc-159">
         <name>.text</name>
         <load_address>0x3698</load_address>
         <run_address>0x3698</run_address>
         <size>0x200</size>
         <input_file_ref idref="fl-e"/>
      </object_component>
      <object_component id="oc-119">
         <name>.text</name>
         <load_address>0x3898</load_address>
         <run_address>0x3898</run_address>
         <size>0x1e0</size>
         <input_file_ref idref="fl-4"/>
      </object_component>
      <object_component id="oc-1bf">
         <name>.text</name>
         <load_address>0x3a78</load_address>
         <run_address>0x3a78</run_address>
         <size>0x1c4</size>
         <input_file_ref idref="fl-d8"/>
      </object_component>
      <object_component id="oc-1fa">
         <name>.text</name>
         <load_address>0x3c3c</load_address>
         <run_address>0x3c3c</run_address>
         <size>0x1b6</size>
         <input_file_ref idref="fl-d5"/>
      </object_component>
      <object_component id="oc-bb">
         <name>.text</name>
         <load_address>0x3df2</load_address>
         <run_address>0x3df2</run_address>
         <size>0x2</size>
         <input_file_ref idref="fl-f5"/>
      </object_component>
      <object_component id="oc-14d">
         <name>.text</name>
         <load_address>0x3df4</load_address>
         <run_address>0x3df4</run_address>
         <size>0x1b0</size>
         <input_file_ref idref="fl-c"/>
      </object_component>
      <object_component id="oc-1ff">
         <name>.text</name>
         <load_address>0x3fa4</load_address>
         <run_address>0x3fa4</run_address>
         <size>0x136</size>
         <input_file_ref idref="fl-d6"/>
      </object_component>
      <object_component id="oc-84">
         <name>.text</name>
         <load_address>0x40dc</load_address>
         <run_address>0x40dc</run_address>
         <size>0x12c</size>
         <input_file_ref idref="fl-10"/>
      </object_component>
      <object_component id="oc-90">
         <name>.text</name>
         <load_address>0x4208</load_address>
         <run_address>0x4208</run_address>
         <size>0x114</size>
         <input_file_ref idref="fl-3"/>
      </object_component>
      <object_component id="oc-16a">
         <name>.text</name>
         <load_address>0x431c</load_address>
         <run_address>0x431c</run_address>
         <size>0x10c</size>
         <input_file_ref idref="fl-8"/>
      </object_component>
      <object_component id="oc-153">
         <name>.text</name>
         <load_address>0x4428</load_address>
         <run_address>0x4428</run_address>
         <size>0xf4</size>
         <input_file_ref idref="fl-b"/>
      </object_component>
      <object_component id="oc-1c5">
         <name>.text</name>
         <load_address>0x451c</load_address>
         <run_address>0x451c</run_address>
         <size>0xdc</size>
         <input_file_ref idref="fl-e0"/>
      </object_component>
      <object_component id="oc-2b8">
         <name>.text</name>
         <load_address>0x45f8</load_address>
         <run_address>0x45f8</run_address>
         <size>0xc8</size>
         <input_file_ref idref="fl-eb"/>
      </object_component>
      <object_component id="oc-234">
         <name>.text</name>
         <load_address>0x46c0</load_address>
         <run_address>0x46c0</run_address>
         <size>0xbc</size>
         <input_file_ref idref="fl-de"/>
      </object_component>
      <object_component id="oc-1b9">
         <name>.text</name>
         <load_address>0x477c</load_address>
         <run_address>0x477c</run_address>
         <size>0xb8</size>
         <input_file_ref idref="fl-ce"/>
      </object_component>
      <object_component id="oc-7e">
         <name>.text</name>
         <load_address>0x4834</load_address>
         <run_address>0x4834</run_address>
         <size>0xa8</size>
         <input_file_ref idref="fl-11"/>
      </object_component>
      <object_component id="oc-3e">
         <name>.text</name>
         <load_address>0x48dc</load_address>
         <run_address>0x48dc</run_address>
         <size>0x9c</size>
         <input_file_ref idref="fl-db"/>
      </object_component>
      <object_component id="oc-23a">
         <name>.text</name>
         <load_address>0x4978</load_address>
         <run_address>0x4978</run_address>
         <size>0x98</size>
         <input_file_ref idref="fl-ea"/>
      </object_component>
      <object_component id="oc-4a">
         <name>.text</name>
         <load_address>0x4a10</load_address>
         <run_address>0x4a10</run_address>
         <size>0x7a</size>
         <input_file_ref idref="fl-dc"/>
      </object_component>
      <object_component id="oc-62">
         <name>.text</name>
         <load_address>0x4a8c</load_address>
         <run_address>0x4a8c</run_address>
         <size>0x70</size>
         <input_file_ref idref="fl-e8"/>
      </object_component>
      <object_component id="oc-222">
         <name>.text</name>
         <load_address>0x4afc</load_address>
         <run_address>0x4afc</run_address>
         <size>0x70</size>
         <input_file_ref idref="fl-d9"/>
      </object_component>
      <object_component id="oc-14">
         <name>.text:decompress:lzss</name>
         <load_address>0x4b6c</load_address>
         <run_address>0x4b6c</run_address>
         <size>0x68</size>
         <input_file_ref idref="fl-d0"/>
      </object_component>
      <object_component id="oc-291">
         <name>.text</name>
         <load_address>0x4bd4</load_address>
         <run_address>0x4bd4</run_address>
         <size>0x68</size>
         <input_file_ref idref="fl-ed"/>
      </object_component>
      <object_component id="oc-29d">
         <name>.text</name>
         <load_address>0x4c3c</load_address>
         <run_address>0x4c3c</run_address>
         <size>0x68</size>
         <input_file_ref idref="fl-f0"/>
      </object_component>
      <object_component id="oc-2ec">
         <name>.text</name>
         <load_address>0x4ca4</load_address>
         <run_address>0x4ca4</run_address>
         <size>0x68</size>
         <input_file_ref idref="fl-f8"/>
      </object_component>
      <object_component id="oc-279">
         <name>.text</name>
         <load_address>0x4d0c</load_address>
         <run_address>0x4d0c</run_address>
         <size>0x60</size>
         <input_file_ref idref="fl-ee"/>
      </object_component>
      <object_component id="oc-2be">
         <name>.text</name>
         <load_address>0x4d6c</load_address>
         <run_address>0x4d6c</run_address>
         <size>0x5c</size>
         <input_file_ref idref="fl-fa"/>
      </object_component>
      <object_component id="oc-285">
         <name>.text</name>
         <load_address>0x4dc8</load_address>
         <run_address>0x4dc8</run_address>
         <size>0x58</size>
         <input_file_ref idref="fl-ef"/>
      </object_component>
      <object_component id="oc-28b">
         <name>.text</name>
         <load_address>0x4e20</load_address>
         <run_address>0x4e20</run_address>
         <size>0x58</size>
         <input_file_ref idref="fl-f2"/>
      </object_component>
      <object_component id="oc-26">
         <name>.text</name>
         <load_address>0x4e78</load_address>
         <run_address>0x4e78</run_address>
         <size>0x54</size>
         <input_file_ref idref="fl-cf"/>
      </object_component>
      <object_component id="oc-6e">
         <name>.text</name>
         <load_address>0x4ecc</load_address>
         <run_address>0x4ecc</run_address>
         <size>0x54</size>
         <input_file_ref idref="fl-d4"/>
      </object_component>
      <object_component id="oc-b5">
         <name>.text</name>
         <load_address>0x4f20</load_address>
         <run_address>0x4f20</run_address>
         <size>0x4c</size>
         <input_file_ref idref="fl-e9"/>
      </object_component>
      <object_component id="oc-204">
         <name>.text</name>
         <load_address>0x4f6c</load_address>
         <run_address>0x4f6c</run_address>
         <size>0x44</size>
         <input_file_ref idref="fl-d7"/>
      </object_component>
      <object_component id="oc-27f">
         <name>.text</name>
         <load_address>0x4fb0</load_address>
         <run_address>0x4fb0</run_address>
         <size>0x44</size>
         <input_file_ref idref="fl-ec"/>
      </object_component>
      <object_component id="oc-297">
         <name>.text</name>
         <load_address>0x4ff4</load_address>
         <run_address>0x4ff4</run_address>
         <size>0x44</size>
         <input_file_ref idref="fl-f1"/>
      </object_component>
      <object_component id="oc-12b">
         <name>.text</name>
         <load_address>0x5038</load_address>
         <run_address>0x5038</run_address>
         <size>0x40</size>
         <input_file_ref idref="fl-f"/>
      </object_component>
      <object_component id="oc-228">
         <name>.text</name>
         <load_address>0x5078</load_address>
         <run_address>0x5078</run_address>
         <size>0x36</size>
         <input_file_ref idref="fl-e4"/>
      </object_component>
      <object_component id="oc-1f5">
         <name>.text</name>
         <load_address>0x50ae</load_address>
         <run_address>0x50ae</run_address>
         <size>0x2e</size>
         <input_file_ref idref="fl-da"/>
      </object_component>
      <object_component id="oc-2c4">
         <name>.text</name>
         <load_address>0x50dc</load_address>
         <run_address>0x50dc</run_address>
         <size>0x2c</size>
         <input_file_ref idref="fl-f9"/>
      </object_component>
      <object_component id="oc-313">
         <name>.text</name>
         <load_address>0x5108</load_address>
         <run_address>0x5108</run_address>
         <size>0x28</size>
         <input_file_ref idref="fl-e5"/>
      </object_component>
      <object_component id="oc-11f">
         <name>.text</name>
         <load_address>0x5130</load_address>
         <run_address>0x5130</run_address>
         <size>0x24</size>
         <input_file_ref idref="fl-5"/>
      </object_component>
      <object_component id="oc-68">
         <name>.text</name>
         <load_address>0x5154</load_address>
         <run_address>0x5154</run_address>
         <size>0x18</size>
         <input_file_ref idref="fl-e7"/>
      </object_component>
      <object_component id="oc-269">
         <name>.text</name>
         <load_address>0x516c</load_address>
         <run_address>0x516c</run_address>
         <size>0x18</size>
         <input_file_ref idref="fl-e3"/>
      </object_component>
      <object_component id="oc-26f">
         <name>.text</name>
         <load_address>0x5184</load_address>
         <run_address>0x5184</run_address>
         <size>0x16</size>
         <input_file_ref idref="fl-e2"/>
      </object_component>
      <object_component id="oc-17a">
         <name>.text</name>
         <load_address>0x519c</load_address>
         <run_address>0x519c</run_address>
         <size>0x14</size>
         <input_file_ref idref="fl-e6"/>
      </object_component>
      <object_component id="oc-300">
         <name>.text</name>
         <load_address>0x51b0</load_address>
         <run_address>0x51b0</run_address>
         <size>0x14</size>
         <input_file_ref idref="fl-f6"/>
      </object_component>
      <object_component id="oc-2e6">
         <name>.text</name>
         <load_address>0x51c4</load_address>
         <run_address>0x51c4</run_address>
         <size>0x14</size>
         <input_file_ref idref="fl-f7"/>
      </object_component>
      <object_component id="oc-1a">
         <name>.text:decompress:none</name>
         <load_address>0x51d8</load_address>
         <run_address>0x51d8</run_address>
         <size>0xe</size>
         <input_file_ref idref="fl-d1"/>
      </object_component>
      <object_component id="oc-78">
         <name>.text</name>
         <load_address>0x51e6</load_address>
         <run_address>0x51e6</run_address>
         <size>0xe</size>
         <input_file_ref idref="fl-13"/>
      </object_component>
      <object_component id="oc-20">
         <name>.text:decompress:ZI</name>
         <load_address>0x51f4</load_address>
         <run_address>0x51f4</run_address>
         <size>0xc</size>
         <input_file_ref idref="fl-d2"/>
      </object_component>
      <object_component id="oc-5c">
         <name>.text</name>
         <load_address>0x5200</load_address>
         <run_address>0x5200</run_address>
         <size>0x4</size>
         <input_file_ref idref="fl-df"/>
      </object_component>
      <object_component id="oc-1f0">
         <name>.const:$P$T0$1</name>
         <load_address>0x5204</load_address>
         <run_address>0x5204</run_address>
         <size>0x20</size>
         <input_file_ref idref="fl-e"/>
      </object_component>
      <object_component id="oc-374">
         <name>.cinit..data.load</name>
         <load_address>0x5228</load_address>
         <run_address>0x5228</run_address>
         <size>0x7f</size>
      </object_component>
      <object_component id="oc-372">
         <name>__TI_handler_table</name>
         <load_address>0x52a8</load_address>
         <run_address>0x52a8</run_address>
         <size>0xc</size>
      </object_component>
      <object_component id="oc-375">
         <name>.cinit..bss.load</name>
         <load_address>0x52b8</load_address>
         <run_address>0x52b8</run_address>
         <size>0x8</size>
      </object_component>
      <object_component id="oc-373">
         <name>__TI_cinit_table</name>
         <load_address>0x52c0</load_address>
         <run_address>0x52c0</run_address>
         <size>0x10</size>
      </object_component>
      <object_component id="oc-34f">
         <name>.binit</name>
         <load_address>0x0</load_address>
         <run_address>0x0</run_address>
         <size>0x0</size>
      </object_component>
      <object_component id="oc-1b0">
         <name>.data</name>
         <load_address>0x20003b38</load_address>
         <run_address>0x20003b38</run_address>
         <size>0x18</size>
         <input_file_ref idref="fl-4"/>
      </object_component>
      <object_component id="oc-209">
         <name>.data</name>
         <load_address>0x20003b90</load_address>
         <run_address>0x20003b90</run_address>
         <size>0x4</size>
         <input_file_ref idref="fl-8"/>
      </object_component>
      <object_component id="oc-131">
         <name>.data</name>
         <load_address>0x20003b80</load_address>
         <run_address>0x20003b80</run_address>
         <size>0x8</size>
         <input_file_ref idref="fl-a"/>
      </object_component>
      <object_component id="oc-e6">
         <name>.data</name>
         <load_address>0x20003b88</load_address>
         <run_address>0x20003b88</run_address>
         <size>0x8</size>
         <input_file_ref idref="fl-10"/>
      </object_component>
      <object_component id="oc-186">
         <name>.data</name>
         <load_address>0x20003ba4</load_address>
         <run_address>0x20003ba4</run_address>
         <size>0x4</size>
         <input_file_ref idref="fl-14"/>
      </object_component>
      <object_component id="oc-22e">
         <name>.data</name>
         <load_address>0x20003b94</load_address>
         <run_address>0x20003b94</run_address>
         <size>0x4</size>
         <input_file_ref idref="fl-ce"/>
      </object_component>
      <object_component id="oc-1cb">
         <name>.data:_ftable</name>
         <load_address>0x20003980</load_address>
         <run_address>0x20003980</run_address>
         <size>0xf0</size>
         <input_file_ref idref="fl-d3"/>
      </object_component>
      <object_component id="oc-240">
         <name>.data</name>
         <load_address>0x20003b50</load_address>
         <run_address>0x20003b50</run_address>
         <size>0x10</size>
         <input_file_ref idref="fl-d3"/>
      </object_component>
      <object_component id="oc-cb">
         <name>.data:$O1$$</name>
         <load_address>0x20003b60</load_address>
         <run_address>0x20003b60</run_address>
         <size>0xc</size>
         <input_file_ref idref="fl-d4"/>
      </object_component>
      <object_component id="oc-243">
         <name>.data</name>
         <load_address>0x20003b98</load_address>
         <run_address>0x20003b98</run_address>
         <size>0x4</size>
         <input_file_ref idref="fl-d8"/>
      </object_component>
      <object_component id="oc-2b2">
         <name>.data</name>
         <load_address>0x20003b9c</load_address>
         <run_address>0x20003b9c</run_address>
         <size>0x4</size>
         <input_file_ref idref="fl-de"/>
      </object_component>
      <object_component id="oc-74">
         <name>.data</name>
         <load_address>0x20003ba0</load_address>
         <run_address>0x20003ba0</run_address>
         <size>0x4</size>
         <input_file_ref idref="fl-e1"/>
      </object_component>
      <object_component id="oc-22f">
         <name>.data:_device</name>
         <load_address>0x20003a70</load_address>
         <run_address>0x20003a70</run_address>
         <size>0x78</size>
         <input_file_ref idref="fl-e5"/>
      </object_component>
      <object_component id="oc-2b3">
         <name>.data:_stream</name>
         <load_address>0x20003ae8</load_address>
         <run_address>0x20003ae8</run_address>
         <size>0x50</size>
         <input_file_ref idref="fl-e5"/>
      </object_component>
      <object_component id="oc-ce">
         <name>.data:$O1$$</name>
         <load_address>0x20003b78</load_address>
         <run_address>0x20003b78</run_address>
         <size>0x8</size>
         <input_file_ref idref="fl-e6"/>
      </object_component>
      <object_component id="oc-2d6">
         <name>.data:$O1$$</name>
         <load_address>0x20003b6c</load_address>
         <run_address>0x20003b6c</run_address>
         <size>0xc</size>
         <input_file_ref idref="fl-f3"/>
      </object_component>
      <object_component id="oc-329">
         <name>.bss:_CIOBUF_</name>
         <uninitialized>true</uninitialized>
         <run_address>0x20003200</run_address>
         <size>0x120</size>
         <input_file_ref idref="fl-f8"/>
      </object_component>
      <object_component id="oc-f6">
         <name>.common:Port4Task</name>
         <uninitialized>true</uninitialized>
         <run_address>0x20003550</run_address>
         <size>0x4</size>
      </object_component>
      <object_component id="oc-f4">
         <name>.common:Messageindexc</name>
         <uninitialized>true</uninitialized>
         <run_address>0x20003544</run_address>
         <size>0x4</size>
      </object_component>
      <object_component id="oc-f1">
         <name>.common:Messagec</name>
         <uninitialized>true</uninitialized>
         <run_address>0x2000350c</run_address>
         <size>0x8</size>
      </object_component>
      <object_component id="oc-19a">
         <name>.common:TxFifo0</name>
         <uninitialized>true</uninitialized>
         <run_address>0x20003442</run_address>
         <size>0x82</size>
      </object_component>
      <object_component id="oc-19e">
         <name>.common:RxFifo0</name>
         <uninitialized>true</uninitialized>
         <run_address>0x200033c0</run_address>
         <size>0x82</size>
      </object_component>
      <object_component id="oc-19d">
         <name>.common:TxHistogram</name>
         <uninitialized>true</uninitialized>
         <run_address>0x20003000</run_address>
         <size>0x200</size>
      </object_component>
      <object_component id="oc-13a">
         <name>.common:Size</name>
         <uninitialized>true</uninitialized>
         <run_address>0x20003560</run_address>
         <size>0x4</size>
      </object_component>
      <object_component id="oc-1de">
         <name>.common:x</name>
         <uninitialized>true</uninitialized>
         <run_address>0x20000000</run_address>
         <size>0x1000</size>
      </object_component>
      <object_component id="oc-1dd">
         <name>.common:Pt</name>
         <uninitialized>true</uninitialized>
         <run_address>0x20003554</run_address>
         <size>0x4</size>
      </object_component>
      <object_component id="oc-1e0">
         <name>.common:I1</name>
         <uninitialized>true</uninitialized>
         <run_address>0x2000352c</run_address>
         <size>0x4</size>
      </object_component>
      <object_component id="oc-1df">
         <name>.common:LPFSum</name>
         <uninitialized>true</uninitialized>
         <run_address>0x20003530</run_address>
         <size>0x4</size>
      </object_component>
      <object_component id="oc-1e2">
         <name>.common:x2</name>
         <uninitialized>true</uninitialized>
         <run_address>0x20001000</run_address>
         <size>0x1000</size>
      </object_component>
      <object_component id="oc-1e1">
         <name>.common:Pt2</name>
         <uninitialized>true</uninitialized>
         <run_address>0x20003558</run_address>
         <size>0x4</size>
      </object_component>
      <object_component id="oc-1e3">
         <name>.common:LPFSum2</name>
         <uninitialized>true</uninitialized>
         <run_address>0x20003534</run_address>
         <size>0x4</size>
      </object_component>
      <object_component id="oc-1e5">
         <name>.common:x3</name>
         <uninitialized>true</uninitialized>
         <run_address>0x20002000</run_address>
         <size>0x1000</size>
      </object_component>
      <object_component id="oc-1e4">
         <name>.common:Pt3</name>
         <uninitialized>true</uninitialized>
         <run_address>0x2000355c</run_address>
         <size>0x4</size>
      </object_component>
      <object_component id="oc-1e6">
         <name>.common:LPFSum3</name>
         <uninitialized>true</uninitialized>
         <run_address>0x20003538</run_address>
         <size>0x4</size>
      </object_component>
      <object_component id="oc-139">
         <name>.common:WriteData</name>
         <uninitialized>true</uninitialized>
         <run_address>0x2000357d</run_address>
         <size>0x1</size>
      </object_component>
      <object_component id="oc-134">
         <name>.common:ReadData</name>
         <uninitialized>true</uninitialized>
         <run_address>0x2000357c</run_address>
         <size>0x1</size>
      </object_component>
      <object_component id="oc-137">
         <name>.common:NumSuccess</name>
         <uninitialized>true</uninitialized>
         <run_address>0x2000354c</run_address>
         <size>0x4</size>
      </object_component>
      <object_component id="oc-138">
         <name>.common:NumErrors</name>
         <uninitialized>true</uninitialized>
         <run_address>0x20003548</run_address>
         <size>0x4</size>
      </object_component>
      <object_component id="oc-13e">
         <name>.common:String</name>
         <uninitialized>true</uninitialized>
         <run_address>0x200034c4</run_address>
         <size>0x40</size>
      </object_component>
      <object_component id="oc-13d">
         <name>.common:MaxTime</name>
         <uninitialized>true</uninitialized>
         <run_address>0x2000353c</run_address>
         <size>0x4</size>
      </object_component>
      <object_component id="oc-14b">
         <name>.common:First</name>
         <uninitialized>true</uninitialized>
         <run_address>0x20003528</run_address>
         <size>0x4</size>
      </object_component>
      <object_component id="oc-14c">
         <name>.common:Elapsed</name>
         <uninitialized>true</uninitialized>
         <run_address>0x20003524</run_address>
         <size>0x4</size>
      </object_component>
      <object_component id="oc-15f">
         <name>.common:nr</name>
         <uninitialized>true</uninitialized>
         <run_address>0x20003570</run_address>
         <size>0x4</size>
      </object_component>
      <object_component id="oc-160">
         <name>.common:nc</name>
         <uninitialized>true</uninitialized>
         <run_address>0x20003568</run_address>
         <size>0x4</size>
      </object_component>
      <object_component id="oc-161">
         <name>.common:nl</name>
         <uninitialized>true</uninitialized>
         <run_address>0x2000356c</run_address>
         <size>0x4</size>
      </object_component>
      <object_component id="oc-162">
         <name>.common:bumpData</name>
         <uninitialized>true</uninitialized>
         <run_address>0x2000357e</run_address>
         <size>0x1</size>
      </object_component>
      <object_component id="oc-163">
         <name>.common:bumpFlag</name>
         <uninitialized>true</uninitialized>
         <run_address>0x2000357f</run_address>
         <size>0x1</size>
      </object_component>
      <object_component id="oc-164">
         <name>.common:Period0</name>
         <uninitialized>true</uninitialized>
         <run_address>0x20003578</run_address>
         <size>0x2</size>
      </object_component>
      <object_component id="oc-165">
         <name>.common:First0</name>
         <uninitialized>true</uninitialized>
         <run_address>0x20003574</run_address>
         <size>0x2</size>
      </object_component>
      <object_component id="oc-166">
         <name>.common:Done0</name>
         <uninitialized>true</uninitialized>
         <run_address>0x2000351c</run_address>
         <size>0x4</size>
      </object_component>
      <object_component id="oc-167">
         <name>.common:Period2</name>
         <uninitialized>true</uninitialized>
         <run_address>0x2000357a</run_address>
         <size>0x2</size>
      </object_component>
      <object_component id="oc-168">
         <name>.common:First2</name>
         <uninitialized>true</uninitialized>
         <run_address>0x20003576</run_address>
         <size>0x2</size>
      </object_component>
      <object_component id="oc-169">
         <name>.common:Done2</name>
         <uninitialized>true</uninitialized>
         <run_address>0x20003520</run_address>
         <size>0x4</size>
      </object_component>
      <object_component id="oc-dd">
         <name>.common:TimerA1Task</name>
         <uninitialized>true</uninitialized>
         <run_address>0x20003564</run_address>
         <size>0x4</size>
      </object_component>
      <object_component id="oc-1b8">
         <name>.common:Messageindexb</name>
         <uninitialized>true</uninitialized>
         <run_address>0x20003540</run_address>
         <size>0x4</size>
      </object_component>
      <object_component id="oc-1b5">
         <name>.common:Messageb</name>
         <uninitialized>true</uninitialized>
         <run_address>0x20003504</run_address>
         <size>0x8</size>
      </object_component>
      <object_component id="oc-2ca">
         <name>.common:__TI_tmpnams</name>
         <uninitialized>true</uninitialized>
         <run_address>0x20003320</run_address>
         <size>0xa0</size>
      </object_component>
      <object_component id="oc-2f2">
         <name>.common:parmbuf</name>
         <uninitialized>true</uninitialized>
         <run_address>0x20003514</run_address>
         <size>0x8</size>
      </object_component>
      <object_component id="oc-30">
         <name>.sysmem</name>
         <uninitialized>true</uninitialized>
         <run_address>0x20003580</run_address>
         <size>0x8</size>
         <input_file_ref idref="fl-f3"/>
      </object_component>
      <object_component id="oc-377">
         <name>.sysmem</name>
         <uninitialized>true</uninitialized>
         <run_address>0x20003580</run_address>
         <size>0x0</size>
      </object_component>
      <object_component id="oc-2f">
         <name>.stack</name>
         <uninitialized>true</uninitialized>
         <run_address>0x2000fe00</run_address>
         <size>0x0</size>
         <input_file_ref idref="fl-cf"/>
      </object_component>
      <object_component id="oc-376">
         <name>.stack</name>
         <uninitialized>true</uninitialized>
         <run_address>0x2000fe00</run_address>
         <size>0x0</size>
      </object_component>
      <object_component id="oc-1dc">
         <name>.debug_info</name>
         <load_address>0x0</load_address>
         <run_address>0x0</run_address>
         <size>0x59e</size>
         <input_file_ref idref="fl-2"/>
      </object_component>
      <object_component id="oc-140">
         <name>.debug_info</name>
         <load_address>0x59e</load_address>
         <run_address>0x59e</run_address>
         <size>0x9a9</size>
         <input_file_ref idref="fl-2"/>
      </object_component>
      <object_component id="oc-18c">
         <name>.debug_info</name>
         <load_address>0xf47</load_address>
         <run_address>0xf47</run_address>
         <size>0x37e2</size>
         <input_file_ref idref="fl-2"/>
      </object_component>
      <object_component id="oc-191">
         <name>.debug_info</name>
         <load_address>0x4729</load_address>
         <run_address>0x4729</run_address>
         <size>0x1055</size>
         <input_file_ref idref="fl-2"/>
      </object_component>
      <object_component id="oc-39">
         <name>.debug_info</name>
         <load_address>0x577e</load_address>
         <run_address>0x577e</run_address>
         <size>0x84</size>
         <input_file_ref idref="fl-2"/>
      </object_component>
      <object_component id="oc-e1">
         <name>.debug_info</name>
         <load_address>0x5802</load_address>
         <run_address>0x5802</run_address>
         <size>0x18b</size>
         <input_file_ref idref="fl-2"/>
      </object_component>
      <object_component id="oc-f7">
         <name>.debug_info</name>
         <load_address>0x598d</load_address>
         <run_address>0x598d</run_address>
         <size>0x5cf</size>
         <input_file_ref idref="fl-3"/>
      </object_component>
      <object_component id="oc-91">
         <name>.debug_info</name>
         <load_address>0x5f5c</load_address>
         <run_address>0x5f5c</run_address>
         <size>0x4b3</size>
         <input_file_ref idref="fl-3"/>
      </object_component>
      <object_component id="oc-1b1">
         <name>.debug_info</name>
         <load_address>0x640f</load_address>
         <run_address>0x640f</run_address>
         <size>0x206</size>
         <input_file_ref idref="fl-4"/>
      </object_component>
      <object_component id="oc-11c">
         <name>.debug_info</name>
         <load_address>0x6615</load_address>
         <run_address>0x6615</run_address>
         <size>0x654</size>
         <input_file_ref idref="fl-4"/>
      </object_component>
      <object_component id="oc-120">
         <name>.debug_info</name>
         <load_address>0x6c69</load_address>
         <run_address>0x6c69</run_address>
         <size>0x615</size>
         <input_file_ref idref="fl-5"/>
      </object_component>
      <object_component id="oc-f2">
         <name>.debug_info</name>
         <load_address>0x727e</load_address>
         <run_address>0x727e</run_address>
         <size>0x6ea</size>
         <input_file_ref idref="fl-6"/>
      </object_component>
      <object_component id="oc-8b">
         <name>.debug_info</name>
         <load_address>0x7968</load_address>
         <run_address>0x7968</run_address>
         <size>0x1a3d</size>
         <input_file_ref idref="fl-6"/>
      </object_component>
      <object_component id="oc-19b">
         <name>.debug_info</name>
         <load_address>0x93a5</load_address>
         <run_address>0x93a5</run_address>
         <size>0x354</size>
         <input_file_ref idref="fl-7"/>
      </object_component>
      <object_component id="oc-ec">
         <name>.debug_info</name>
         <load_address>0x96f9</load_address>
         <run_address>0x96f9</run_address>
         <size>0x9b1</size>
         <input_file_ref idref="fl-7"/>
      </object_component>
      <object_component id="oc-214">
         <name>.debug_info</name>
         <load_address>0xa0aa</load_address>
         <run_address>0xa0aa</run_address>
         <size>0x76</size>
         <input_file_ref idref="fl-7"/>
      </object_component>
      <object_component id="oc-20a">
         <name>.debug_info</name>
         <load_address>0xa120</load_address>
         <run_address>0xa120</run_address>
         <size>0x14e</size>
         <input_file_ref idref="fl-8"/>
      </object_component>
      <object_component id="oc-16c">
         <name>.debug_info</name>
         <load_address>0xa26e</load_address>
         <run_address>0xa26e</run_address>
         <size>0x5ad</size>
         <input_file_ref idref="fl-8"/>
      </object_component>
      <object_component id="oc-13b">
         <name>.debug_info</name>
         <load_address>0xa81b</load_address>
         <run_address>0xa81b</run_address>
         <size>0x6b5</size>
         <input_file_ref idref="fl-9"/>
      </object_component>
      <object_component id="oc-149">
         <name>.debug_info</name>
         <load_address>0xaed0</load_address>
         <run_address>0xaed0</run_address>
         <size>0xaac</size>
         <input_file_ref idref="fl-9"/>
      </object_component>
      <object_component id="oc-135">
         <name>.debug_info</name>
         <load_address>0xb97c</load_address>
         <run_address>0xb97c</run_address>
         <size>0x1005</size>
         <input_file_ref idref="fl-a"/>
      </object_component>
      <object_component id="oc-132">
         <name>.debug_info</name>
         <load_address>0xc981</load_address>
         <run_address>0xc981</run_address>
         <size>0x108</size>
         <input_file_ref idref="fl-a"/>
      </object_component>
      <object_component id="oc-c6">
         <name>.debug_info</name>
         <load_address>0xca89</load_address>
         <run_address>0xca89</run_address>
         <size>0x2bfe</size>
         <input_file_ref idref="fl-a"/>
      </object_component>
      <object_component id="oc-ac">
         <name>.debug_info</name>
         <load_address>0xf687</load_address>
         <run_address>0xf687</run_address>
         <size>0x2c</size>
         <input_file_ref idref="fl-a"/>
      </object_component>
      <object_component id="oc-154">
         <name>.debug_info</name>
         <load_address>0xf6b3</load_address>
         <run_address>0xf6b3</run_address>
         <size>0x578</size>
         <input_file_ref idref="fl-b"/>
      </object_component>
      <object_component id="oc-14e">
         <name>.debug_info</name>
         <load_address>0xfc2b</load_address>
         <run_address>0xfc2b</run_address>
         <size>0x925</size>
         <input_file_ref idref="fl-c"/>
      </object_component>
      <object_component id="oc-1e9">
         <name>.debug_info</name>
         <load_address>0x10550</load_address>
         <run_address>0x10550</run_address>
         <size>0x95b</size>
         <input_file_ref idref="fl-d"/>
      </object_component>
      <object_component id="oc-1f4">
         <name>.debug_info</name>
         <load_address>0x10eab</load_address>
         <run_address>0x10eab</run_address>
         <size>0x5ed</size>
         <input_file_ref idref="fl-e"/>
      </object_component>
      <object_component id="oc-1f1">
         <name>.debug_info</name>
         <load_address>0x11498</load_address>
         <run_address>0x11498</run_address>
         <size>0x156</size>
         <input_file_ref idref="fl-e"/>
      </object_component>
      <object_component id="oc-15c">
         <name>.debug_info</name>
         <load_address>0x115ee</load_address>
         <run_address>0x115ee</run_address>
         <size>0xd59</size>
         <input_file_ref idref="fl-e"/>
      </object_component>
      <object_component id="oc-25e">
         <name>.debug_info</name>
         <load_address>0x12347</load_address>
         <run_address>0x12347</run_address>
         <size>0x37e2</size>
         <input_file_ref idref="fl-e"/>
      </object_component>
      <object_component id="oc-12c">
         <name>.debug_info</name>
         <load_address>0x15b29</load_address>
         <run_address>0x15b29</run_address>
         <size>0x299</size>
         <input_file_ref idref="fl-f"/>
      </object_component>
      <object_component id="oc-ea">
         <name>.debug_info</name>
         <load_address>0x15dc2</load_address>
         <run_address>0x15dc2</run_address>
         <size>0x5b4</size>
         <input_file_ref idref="fl-10"/>
      </object_component>
      <object_component id="oc-e7">
         <name>.debug_info</name>
         <load_address>0x16376</load_address>
         <run_address>0x16376</run_address>
         <size>0x18e</size>
         <input_file_ref idref="fl-10"/>
      </object_component>
      <object_component id="oc-85">
         <name>.debug_info</name>
         <load_address>0x16504</load_address>
         <run_address>0x16504</run_address>
         <size>0x5d9</size>
         <input_file_ref idref="fl-10"/>
      </object_component>
      <object_component id="oc-de">
         <name>.debug_info</name>
         <load_address>0x16add</load_address>
         <run_address>0x16add</run_address>
         <size>0x5c9</size>
         <input_file_ref idref="fl-11"/>
      </object_component>
      <object_component id="oc-82">
         <name>.debug_info</name>
         <load_address>0x170a6</load_address>
         <run_address>0x170a6</run_address>
         <size>0x472</size>
         <input_file_ref idref="fl-11"/>
      </object_component>
      <object_component id="oc-1b6">
         <name>.debug_info</name>
         <load_address>0x17518</load_address>
         <run_address>0x17518</run_address>
         <size>0x7dc</size>
         <input_file_ref idref="fl-12"/>
      </object_component>
      <object_component id="oc-127">
         <name>.debug_info</name>
         <load_address>0x17cf4</load_address>
         <run_address>0x17cf4</run_address>
         <size>0x251a</size>
         <input_file_ref idref="fl-12"/>
      </object_component>
      <object_component id="oc-21d">
         <name>.debug_info</name>
         <load_address>0x1a20e</load_address>
         <run_address>0x1a20e</run_address>
         <size>0xc8</size>
         <input_file_ref idref="fl-12"/>
      </object_component>
      <object_component id="oc-1cf">
         <name>.debug_info</name>
         <load_address>0x1a2d6</load_address>
         <run_address>0x1a2d6</run_address>
         <size>0x2c</size>
         <input_file_ref idref="fl-12"/>
      </object_component>
      <object_component id="oc-98">
         <name>.debug_info</name>
         <load_address>0x1a302</load_address>
         <run_address>0x1a302</run_address>
         <size>0x2e6</size>
         <input_file_ref idref="fl-13"/>
      </object_component>
      <object_component id="oc-2d">
         <name>.debug_info</name>
         <load_address>0x1a5e8</load_address>
         <run_address>0x1a5e8</run_address>
         <size>0x124</size>
         <input_file_ref idref="fl-13"/>
      </object_component>
      <object_component id="oc-7b">
         <name>.debug_info</name>
         <load_address>0x1a70c</load_address>
         <run_address>0x1a70c</run_address>
         <size>0x1eb</size>
         <input_file_ref idref="fl-13"/>
      </object_component>
      <object_component id="oc-187">
         <name>.debug_info</name>
         <load_address>0x1a8f7</load_address>
         <run_address>0x1a8f7</run_address>
         <size>0x11d</size>
         <input_file_ref idref="fl-14"/>
      </object_component>
      <object_component id="oc-d7">
         <name>.debug_info</name>
         <load_address>0x1aa14</load_address>
         <run_address>0x1aa14</run_address>
         <size>0x28f</size>
         <input_file_ref idref="fl-14"/>
      </object_component>
      <object_component id="oc-233">
         <name>.debug_info</name>
         <load_address>0x1aca3</load_address>
         <run_address>0x1aca3</run_address>
         <size>0x430</size>
         <input_file_ref idref="fl-ce"/>
      </object_component>
      <object_component id="oc-1ba">
         <name>.debug_info</name>
         <load_address>0x1b0d3</load_address>
         <run_address>0x1b0d3</run_address>
         <size>0x2d0</size>
         <input_file_ref idref="fl-ce"/>
      </object_component>
      <object_component id="oc-2ad">
         <name>.debug_info</name>
         <load_address>0x1b3a3</load_address>
         <run_address>0x1b3a3</run_address>
         <size>0xea</size>
         <input_file_ref idref="fl-ce"/>
      </object_component>
      <object_component id="oc-2a8">
         <name>.debug_info</name>
         <load_address>0x1b48d</load_address>
         <run_address>0x1b48d</run_address>
         <size>0x2c</size>
         <input_file_ref idref="fl-ce"/>
      </object_component>
      <object_component id="oc-29">
         <name>.debug_info</name>
         <load_address>0x1b4b9</load_address>
         <run_address>0x1b4b9</run_address>
         <size>0x160</size>
         <input_file_ref idref="fl-cf"/>
      </object_component>
      <object_component id="oc-a2">
         <name>.debug_info</name>
         <load_address>0x1b619</load_address>
         <run_address>0x1b619</run_address>
         <size>0x293</size>
         <input_file_ref idref="fl-d0"/>
      </object_component>
      <object_component id="oc-15">
         <name>.debug_info</name>
         <load_address>0x1b8ac</load_address>
         <run_address>0x1b8ac</run_address>
         <size>0x245</size>
         <input_file_ref idref="fl-d0"/>
      </object_component>
      <object_component id="oc-34">
         <name>.debug_info</name>
         <load_address>0x1baf1</load_address>
         <run_address>0x1baf1</run_address>
         <size>0x60</size>
         <input_file_ref idref="fl-d0"/>
      </object_component>
      <object_component id="oc-9d">
         <name>.debug_info</name>
         <load_address>0x1bb51</load_address>
         <run_address>0x1bb51</run_address>
         <size>0x46</size>
         <input_file_ref idref="fl-d0"/>
      </object_component>
      <object_component id="oc-49">
         <name>.debug_info</name>
         <load_address>0x1bb97</load_address>
         <run_address>0x1bb97</run_address>
         <size>0x2da</size>
         <input_file_ref idref="fl-d1"/>
      </object_component>
      <object_component id="oc-1e">
         <name>.debug_info</name>
         <load_address>0x1be71</load_address>
         <run_address>0x1be71</run_address>
         <size>0x1df</size>
         <input_file_ref idref="fl-d1"/>
      </object_component>
      <object_component id="oc-44">
         <name>.debug_info</name>
         <load_address>0x1c050</load_address>
         <run_address>0x1c050</run_address>
         <size>0x46</size>
         <input_file_ref idref="fl-d1"/>
      </object_component>
      <object_component id="oc-a4">
         <name>.debug_info</name>
         <load_address>0x1c096</load_address>
         <run_address>0x1c096</run_address>
         <size>0x2c</size>
         <input_file_ref idref="fl-d1"/>
      </object_component>
      <object_component id="oc-55">
         <name>.debug_info</name>
         <load_address>0x1c0c2</load_address>
         <run_address>0x1c0c2</run_address>
         <size>0x2c9</size>
         <input_file_ref idref="fl-d2"/>
      </object_component>
      <object_component id="oc-21">
         <name>.debug_info</name>
         <load_address>0x1c38b</load_address>
         <run_address>0x1c38b</run_address>
         <size>0x1aa</size>
         <input_file_ref idref="fl-d2"/>
      </object_component>
      <object_component id="oc-50">
         <name>.debug_info</name>
         <load_address>0x1c535</load_address>
         <run_address>0x1c535</run_address>
         <size>0x46</size>
         <input_file_ref idref="fl-d2"/>
      </object_component>
      <object_component id="oc-255">
         <name>.debug_info</name>
         <load_address>0x1c57b</load_address>
         <run_address>0x1c57b</run_address>
         <size>0x139</size>
         <input_file_ref idref="fl-d3"/>
      </object_component>
      <object_component id="oc-1cc">
         <name>.debug_info</name>
         <load_address>0x1c6b4</load_address>
         <run_address>0x1c6b4</run_address>
         <size>0xf7</size>
         <input_file_ref idref="fl-d3"/>
      </object_component>
      <object_component id="oc-241">
         <name>.debug_info</name>
         <load_address>0x1c7ab</load_address>
         <run_address>0x1c7ab</run_address>
         <size>0x184</size>
         <input_file_ref idref="fl-d3"/>
      </object_component>
      <object_component id="oc-2d1">
         <name>.debug_info</name>
         <load_address>0x1c92f</load_address>
         <run_address>0x1c92f</run_address>
         <size>0xae</size>
         <input_file_ref idref="fl-d3"/>
      </object_component>
      <object_component id="oc-d2">
         <name>.debug_info</name>
         <load_address>0x1c9dd</load_address>
         <run_address>0x1c9dd</run_address>
         <size>0x3ce</size>
         <input_file_ref idref="fl-d4"/>
      </object_component>
      <object_component id="oc-cc">
         <name>.debug_info</name>
         <load_address>0x1cdab</load_address>
         <run_address>0x1cdab</run_address>
         <size>0x185</size>
         <input_file_ref idref="fl-d4"/>
      </object_component>
      <object_component id="oc-6f">
         <name>.debug_info</name>
         <load_address>0x1cf30</load_address>
         <run_address>0x1cf30</run_address>
         <size>0x214</size>
         <input_file_ref idref="fl-d4"/>
      </object_component>
      <object_component id="oc-1fd">
         <name>.debug_info</name>
         <load_address>0x1d144</load_address>
         <run_address>0x1d144</run_address>
         <size>0x144</size>
         <input_file_ref idref="fl-d5"/>
      </object_component>
      <object_component id="oc-200">
         <name>.debug_info</name>
         <load_address>0x1d288</load_address>
         <run_address>0x1d288</run_address>
         <size>0x132</size>
         <input_file_ref idref="fl-d6"/>
      </object_component>
      <object_component id="oc-205">
         <name>.debug_info</name>
         <load_address>0x1d3ba</load_address>
         <run_address>0x1d3ba</run_address>
         <size>0x131</size>
         <input_file_ref idref="fl-d7"/>
      </object_component>
      <object_component id="oc-245">
         <name>.debug_info</name>
         <load_address>0x1d4eb</load_address>
         <run_address>0x1d4eb</run_address>
         <size>0x3d6</size>
         <input_file_ref idref="fl-d8"/>
      </object_component>
      <object_component id="oc-1c3">
         <name>.debug_info</name>
         <load_address>0x1d8c1</load_address>
         <run_address>0x1d8c1</run_address>
         <size>0x455</size>
         <input_file_ref idref="fl-d8"/>
      </object_component>
      <object_component id="oc-fe">
         <name>.debug_info</name>
         <load_address>0x1dd16</load_address>
         <run_address>0x1dd16</run_address>
         <size>0x2c</size>
         <input_file_ref idref="fl-d8"/>
      </object_component>
      <object_component id="oc-276">
         <name>.debug_info</name>
         <load_address>0x1dd42</load_address>
         <run_address>0x1dd42</run_address>
         <size>0x417</size>
         <input_file_ref idref="fl-d9"/>
      </object_component>
      <object_component id="oc-224">
         <name>.debug_info</name>
         <load_address>0x1e159</load_address>
         <run_address>0x1e159</run_address>
         <size>0x282</size>
         <input_file_ref idref="fl-d9"/>
      </object_component>
      <object_component id="oc-1f6">
         <name>.debug_info</name>
         <load_address>0x1e3db</load_address>
         <run_address>0x1e3db</run_address>
         <size>0x124</size>
         <input_file_ref idref="fl-da"/>
      </object_component>
      <object_component id="oc-3f">
         <name>.debug_info</name>
         <load_address>0x1e4ff</load_address>
         <run_address>0x1e4ff</run_address>
         <size>0x111</size>
         <input_file_ref idref="fl-db"/>
      </object_component>
      <object_component id="oc-4b">
         <name>.debug_info</name>
         <load_address>0x1e610</load_address>
         <run_address>0x1e610</run_address>
         <size>0x13f</size>
         <input_file_ref idref="fl-dc"/>
      </object_component>
      <object_component id="oc-57">
         <name>.debug_info</name>
         <load_address>0x1e74f</load_address>
         <run_address>0x1e74f</run_address>
         <size>0x138</size>
         <input_file_ref idref="fl-dd"/>
      </object_component>
      <object_component id="oc-2b7">
         <name>.debug_info</name>
         <load_address>0x1e887</load_address>
         <run_address>0x1e887</run_address>
         <size>0x3f7</size>
         <input_file_ref idref="fl-de"/>
      </object_component>
      <object_component id="oc-238">
         <name>.debug_info</name>
         <load_address>0x1ec7e</load_address>
         <run_address>0x1ec7e</run_address>
         <size>0x23a</size>
         <input_file_ref idref="fl-de"/>
      </object_component>
      <object_component id="oc-30a">
         <name>.debug_info</name>
         <load_address>0x1eeb8</load_address>
         <run_address>0x1eeb8</run_address>
         <size>0x120</size>
         <input_file_ref idref="fl-de"/>
      </object_component>
      <object_component id="oc-5d">
         <name>.debug_info</name>
         <load_address>0x1efd8</load_address>
         <run_address>0x1efd8</run_address>
         <size>0x148</size>
         <input_file_ref idref="fl-df"/>
      </object_component>
      <object_component id="oc-24d">
         <name>.debug_info</name>
         <load_address>0x1f120</load_address>
         <run_address>0x1f120</run_address>
         <size>0x35a</size>
         <input_file_ref idref="fl-e0"/>
      </object_component>
      <object_component id="oc-1c8">
         <name>.debug_info</name>
         <load_address>0x1f47a</load_address>
         <run_address>0x1f47a</run_address>
         <size>0x200</size>
         <input_file_ref idref="fl-e0"/>
      </object_component>
      <object_component id="oc-24e">
         <name>.debug_info</name>
         <load_address>0x1f67a</load_address>
         <run_address>0x1f67a</run_address>
         <size>0xbb</size>
         <input_file_ref idref="fl-e0"/>
      </object_component>
      <object_component id="oc-75">
         <name>.debug_info</name>
         <load_address>0x1f735</load_address>
         <run_address>0x1f735</run_address>
         <size>0x109</size>
         <input_file_ref idref="fl-e1"/>
      </object_component>
      <object_component id="oc-2e1">
         <name>.debug_info</name>
         <load_address>0x1f83e</load_address>
         <run_address>0x1f83e</run_address>
         <size>0x28f</size>
         <input_file_ref idref="fl-e2"/>
      </object_component>
      <object_component id="oc-271">
         <name>.debug_info</name>
         <load_address>0x1facd</load_address>
         <run_address>0x1facd</run_address>
         <size>0x244</size>
         <input_file_ref idref="fl-e2"/>
      </object_component>
      <object_component id="oc-2df">
         <name>.debug_info</name>
         <load_address>0x1fd11</load_address>
         <run_address>0x1fd11</run_address>
         <size>0x27f</size>
         <input_file_ref idref="fl-e3"/>
      </object_component>
      <object_component id="oc-26a">
         <name>.debug_info</name>
         <load_address>0x1ff90</load_address>
         <run_address>0x1ff90</run_address>
         <size>0x258</size>
         <input_file_ref idref="fl-e3"/>
      </object_component>
      <object_component id="oc-278">
         <name>.debug_info</name>
         <load_address>0x201e8</load_address>
         <run_address>0x201e8</run_address>
         <size>0x290</size>
         <input_file_ref idref="fl-e4"/>
      </object_component>
      <object_component id="oc-229">
         <name>.debug_info</name>
         <load_address>0x20478</load_address>
         <run_address>0x20478</run_address>
         <size>0x259</size>
         <input_file_ref idref="fl-e4"/>
      </object_component>
      <object_component id="oc-2a5">
         <name>.debug_info</name>
         <load_address>0x206d1</load_address>
         <run_address>0x206d1</run_address>
         <size>0x4c5</size>
         <input_file_ref idref="fl-e5"/>
      </object_component>
      <object_component id="oc-230">
         <name>.debug_info</name>
         <load_address>0x20b96</load_address>
         <run_address>0x20b96</run_address>
         <size>0xf8</size>
         <input_file_ref idref="fl-e5"/>
      </object_component>
      <object_component id="oc-2b4">
         <name>.debug_info</name>
         <load_address>0x20c8e</load_address>
         <run_address>0x20c8e</run_address>
         <size>0xf8</size>
         <input_file_ref idref="fl-e5"/>
      </object_component>
      <object_component id="oc-317">
         <name>.debug_info</name>
         <load_address>0x20d86</load_address>
         <run_address>0x20d86</run_address>
         <size>0x184</size>
         <input_file_ref idref="fl-e5"/>
      </object_component>
      <object_component id="oc-182">
         <name>.debug_info</name>
         <load_address>0x20f0a</load_address>
         <run_address>0x20f0a</run_address>
         <size>0x2be</size>
         <input_file_ref idref="fl-e6"/>
      </object_component>
      <object_component id="oc-cf">
         <name>.debug_info</name>
         <load_address>0x211c8</load_address>
         <run_address>0x211c8</run_address>
         <size>0x113</size>
         <input_file_ref idref="fl-e6"/>
      </object_component>
      <object_component id="oc-17b">
         <name>.debug_info</name>
         <load_address>0x212db</load_address>
         <run_address>0x212db</run_address>
         <size>0x21f</size>
         <input_file_ref idref="fl-e6"/>
      </object_component>
      <object_component id="oc-ca">
         <name>.debug_info</name>
         <load_address>0x214fa</load_address>
         <run_address>0x214fa</run_address>
         <size>0x300</size>
         <input_file_ref idref="fl-e7"/>
      </object_component>
      <object_component id="oc-6a">
         <name>.debug_info</name>
         <load_address>0x217fa</load_address>
         <run_address>0x217fa</run_address>
         <size>0x167</size>
         <input_file_ref idref="fl-e7"/>
      </object_component>
      <object_component id="oc-173">
         <name>.debug_info</name>
         <load_address>0x21961</load_address>
         <run_address>0x21961</run_address>
         <size>0x5e</size>
         <input_file_ref idref="fl-e7"/>
      </object_component>
      <object_component id="oc-c2">
         <name>.debug_info</name>
         <load_address>0x219bf</load_address>
         <run_address>0x219bf</run_address>
         <size>0x483</size>
         <input_file_ref idref="fl-e8"/>
      </object_component>
      <object_component id="oc-64">
         <name>.debug_info</name>
         <load_address>0x21e42</load_address>
         <run_address>0x21e42</run_address>
         <size>0x190</size>
         <input_file_ref idref="fl-e8"/>
      </object_component>
      <object_component id="oc-10f">
         <name>.debug_info</name>
         <load_address>0x21fd2</load_address>
         <run_address>0x21fd2</run_address>
         <size>0x39</size>
         <input_file_ref idref="fl-e8"/>
      </object_component>
      <object_component id="oc-1ab">
         <name>.debug_info</name>
         <load_address>0x2200b</load_address>
         <run_address>0x2200b</run_address>
         <size>0x39</size>
         <input_file_ref idref="fl-e8"/>
      </object_component>
      <object_component id="oc-114">
         <name>.debug_info</name>
         <load_address>0x22044</load_address>
         <run_address>0x22044</run_address>
         <size>0xcd</size>
         <input_file_ref idref="fl-e8"/>
      </object_component>
      <object_component id="oc-10b">
         <name>.debug_info</name>
         <load_address>0x22111</load_address>
         <run_address>0x22111</run_address>
         <size>0x37a</size>
         <input_file_ref idref="fl-e9"/>
      </object_component>
      <object_component id="oc-b6">
         <name>.debug_info</name>
         <load_address>0x2248b</load_address>
         <run_address>0x2248b</run_address>
         <size>0x183</size>
         <input_file_ref idref="fl-e9"/>
      </object_component>
      <object_component id="oc-1a6">
         <name>.debug_info</name>
         <load_address>0x2260e</load_address>
         <run_address>0x2260e</run_address>
         <size>0x2c</size>
         <input_file_ref idref="fl-e9"/>
      </object_component>
      <object_component id="oc-2cc">
         <name>.debug_info</name>
         <load_address>0x2263a</load_address>
         <run_address>0x2263a</run_address>
         <size>0x39a</size>
         <input_file_ref idref="fl-ea"/>
      </object_component>
      <object_component id="oc-23c">
         <name>.debug_info</name>
         <load_address>0x229d4</load_address>
         <run_address>0x229d4</run_address>
         <size>0x298</size>
         <input_file_ref idref="fl-ea"/>
      </object_component>
      <object_component id="oc-31a">
         <name>.debug_info</name>
         <load_address>0x22c6c</load_address>
         <run_address>0x22c6c</run_address>
         <size>0x33c</size>
         <input_file_ref idref="fl-eb"/>
      </object_component>
      <object_component id="oc-2ba">
         <name>.debug_info</name>
         <load_address>0x22fa8</load_address>
         <run_address>0x22fa8</run_address>
         <size>0x25a</size>
         <input_file_ref idref="fl-eb"/>
      </object_component>
      <object_component id="oc-2f7">
         <name>.debug_info</name>
         <load_address>0x23202</load_address>
         <run_address>0x23202</run_address>
         <size>0x368</size>
         <input_file_ref idref="fl-ec"/>
      </object_component>
      <object_component id="oc-282">
         <name>.debug_info</name>
         <load_address>0x2356a</load_address>
         <run_address>0x2356a</run_address>
         <size>0x1b1</size>
         <input_file_ref idref="fl-ec"/>
      </object_component>
      <object_component id="oc-2fd">
         <name>.debug_info</name>
         <load_address>0x2371b</load_address>
         <run_address>0x2371b</run_address>
         <size>0x36d</size>
         <input_file_ref idref="fl-ed"/>
      </object_component>
      <object_component id="oc-292">
         <name>.debug_info</name>
         <load_address>0x23a88</load_address>
         <run_address>0x23a88</run_address>
         <size>0x205</size>
         <input_file_ref idref="fl-ed"/>
      </object_component>
      <object_component id="oc-2f3">
         <name>.debug_info</name>
         <load_address>0x23c8d</load_address>
         <run_address>0x23c8d</run_address>
         <size>0x3cb</size>
         <input_file_ref idref="fl-ee"/>
      </object_component>
      <object_component id="oc-27a">
         <name>.debug_info</name>
         <load_address>0x24058</load_address>
         <run_address>0x24058</run_address>
         <size>0x201</size>
         <input_file_ref idref="fl-ee"/>
      </object_component>
      <object_component id="oc-2f9">
         <name>.debug_info</name>
         <load_address>0x24259</load_address>
         <run_address>0x24259</run_address>
         <size>0x36c</size>
         <input_file_ref idref="fl-ef"/>
      </object_component>
      <object_component id="oc-286">
         <name>.debug_info</name>
         <load_address>0x245c5</load_address>
         <run_address>0x245c5</run_address>
         <size>0x1f0</size>
         <input_file_ref idref="fl-ef"/>
      </object_component>
      <object_component id="oc-307">
         <name>.debug_info</name>
         <load_address>0x247b5</load_address>
         <run_address>0x247b5</run_address>
         <size>0x3f3</size>
         <input_file_ref idref="fl-f0"/>
      </object_component>
      <object_component id="oc-29e">
         <name>.debug_info</name>
         <load_address>0x24ba8</load_address>
         <run_address>0x24ba8</run_address>
         <size>0x22b</size>
         <input_file_ref idref="fl-f0"/>
      </object_component>
      <object_component id="oc-2ff">
         <name>.debug_info</name>
         <load_address>0x24dd3</load_address>
         <run_address>0x24dd3</run_address>
         <size>0x3be</size>
         <input_file_ref idref="fl-f1"/>
      </object_component>
      <object_component id="oc-299">
         <name>.debug_info</name>
         <load_address>0x25191</load_address>
         <run_address>0x25191</run_address>
         <size>0x1bb</size>
         <input_file_ref idref="fl-f1"/>
      </object_component>
      <object_component id="oc-2fb">
         <name>.debug_info</name>
         <load_address>0x2534c</load_address>
         <run_address>0x2534c</run_address>
         <size>0x36d</size>
         <input_file_ref idref="fl-f2"/>
      </object_component>
      <object_component id="oc-28f">
         <name>.debug_info</name>
         <load_address>0x256b9</load_address>
         <run_address>0x256b9</run_address>
         <size>0x1f5</size>
         <input_file_ref idref="fl-f2"/>
      </object_component>
      <object_component id="oc-9b">
         <name>.debug_info</name>
         <load_address>0x258ae</load_address>
         <run_address>0x258ae</run_address>
         <size>0x3bc</size>
         <input_file_ref idref="fl-f3"/>
      </object_component>
      <object_component id="oc-31">
         <name>.debug_info</name>
         <load_address>0x25c6a</load_address>
         <run_address>0x25c6a</run_address>
         <size>0x101</size>
         <input_file_ref idref="fl-f3"/>
      </object_component>
      <object_component id="oc-2d7">
         <name>.debug_info</name>
         <load_address>0x25d6b</load_address>
         <run_address>0x25d6b</run_address>
         <size>0x14c</size>
         <input_file_ref idref="fl-f3"/>
      </object_component>
      <object_component id="oc-247">
         <name>.debug_info</name>
[...]
      </symbol>
      <symbol id="sm-560">
         <name>SystemInit</name>
         <value>0x2c41</value>
         <object_component_ref idref="oc-d6"/>
      </symbol>
      <symbol id="sm-561">
         <name>SystemCoreClockUpdate</name>
         <value>0x29cd</value>
         <object_component_ref idref="oc-d6"/>
      </symbol>
      <symbol id="sm-562">
         <name>SystemCoreClock</name>
         <value>0x20003ba4</value>
         <object_component_ref idref="oc-186"/>
      </symbol>
      <symbol id="sm-587">
         <name>add_device</name>
         <value>0x477d</value>
         <object_component_ref idref="oc-1b9"/>
      </symbol>
      <symbol id="sm-598">
         <name>_c_int00</name>
         <value>0x4e79</value>
         <object_component_ref idref="oc-26"/>
      </symbol>
      <symbol id="sm-599">
         <name>__stack</name>
         <value>0x2000fe00</value>
         <object_component_ref idref="oc-2f"/>
      </symbol>
      <symbol id="sm-5b7">
         <name>__TI_decompress_lzss</name>
         <value>0x4b6d</value>
         <object_component_ref idref="oc-14"/>
      </symbol>
      <symbol id="sm-5ce">
         <name>__TI_decompress_none</name>
         <value>0x51d9</value>
         <object_component_ref idref="oc-1a"/>
      </symbol>
      <symbol id="sm-5e0">
         <name>__TI_zero_init</name>
         <value>0x51f5</value>
         <object_component_ref idref="oc-20"/>
      </symbol>
      <symbol id="sm-5fa">
         <name>__TI_tmpnams</name>
         <value>0x20003320</value>
      </symbol>
      <symbol id="sm-5fb">
         <name>__aeabi_stdout</name>
         <value>0x20003b58</value>
         <object_component_ref idref="oc-240"/>
      </symbol>
      <symbol id="sm-5fc">
         <name>__aeabi_stderr</name>
         <value>0x20003b5c</value>
         <object_component_ref idref="oc-240"/>
      </symbol>
      <symbol id="sm-5fd">
         <name>__aeabi_stdin</name>
         <value>0x20003b54</value>
         <object_component_ref idref="oc-240"/>
      </symbol>
      <symbol id="sm-5fe">
         <name>_ftable</name>
         <value>0x20003980</value>
         <object_component_ref idref="oc-1cb"/>
      </symbol>
      <symbol id="sm-5ff">
         <name>__TI_ft_end</name>
         <value>0x20003b50</value>
         <object_component_ref idref="oc-240"/>
      </symbol>
      <symbol id="sm-620">
         <name>C$$EXIT</name>
         <value>0x4ecd</value>
         <object_component_ref idref="oc-6e"/>
      </symbol>
      <symbol id="sm-621">
         <name>abort</name>
         <value>0x4ed1</value>
         <object_component_ref idref="oc-6e"/>
      </symbol>
      <symbol id="sm-622">
         <name>exit</name>
         <value>0x4ed9</value>
         <object_component_ref idref="oc-6e"/>
      </symbol>
      <symbol id="sm-623">
         <name>__TI_dtors_ptr</name>
         <value>0x20003b64</value>
         <object_component_ref idref="oc-cb"/>
      </symbol>
      <symbol id="sm-624">
         <name>__TI_cleanup_ptr</name>
         <value>0x20003b60</value>
         <object_component_ref idref="oc-cb"/>
      </symbol>
      <symbol id="sm-625">
         <name>__TI_enable_exit_profile_output</name>
         <value>0x20003b68</value>
         <object_component_ref idref="oc-cb"/>
      </symbol>
      <symbol id="sm-63c">
         <name>__aeabi_dsub</name>
         <value>0x3c3d</value>
         <object_component_ref idref="oc-1fa"/>
      </symbol>
      <symbol id="sm-63d">
         <name>__aeabi_dadd</name>
         <value>0x3c47</value>
         <object_component_ref idref="oc-1fa"/>
      </symbol>
      <symbol id="sm-651">
         <name>__aeabi_ddiv</name>
         <value>0x3fa5</value>
         <object_component_ref idref="oc-1ff"/>
      </symbol>
      <symbol id="sm-65b">
         <name>__aeabi_d2uiz</name>
         <value>0x4f6d</value>
         <object_component_ref idref="oc-204"/>
      </symbol>
      <symbol id="sm-692">
         <name>__TI_cleanup</name>
         <value>0x3b41</value>
         <object_component_ref idref="oc-1bf"/>
      </symbol>
      <symbol id="sm-693">
         <name>freopen</name>
         <value>0x3b6d</value>
         <object_component_ref idref="oc-1bf"/>
      </symbol>
      <symbol id="sm-694">
         <name>fopen</name>
         <value>0x3b97</value>
         <object_component_ref idref="oc-1bf"/>
      </symbol>
      <symbol id="sm-6a9">
         <name>finddevice</name>
         <value>0x4afd</value>
         <object_component_ref idref="oc-222"/>
      </symbol>
      <symbol id="sm-6aa">
         <name>getdevice</name>
         <value>0x4b27</value>
         <object_component_ref idref="oc-222"/>
      </symbol>
      <symbol id="sm-6b4">
         <name>__aeabi_i2d</name>
         <value>0x50af</value>
         <object_component_ref idref="oc-1f5"/>
      </symbol>
      <symbol id="sm-6cf">
         <name>memcpy</name>
         <value>0x48dd</value>
         <object_component_ref idref="oc-3e"/>
      </symbol>
      <symbol id="sm-6d0">
         <name>__aeabi_memcpy</name>
         <value>0x48dd</value>
         <object_component_ref idref="oc-3e"/>
      </symbol>
      <symbol id="sm-6d1">
         <name>__aeabi_memcpy8</name>
         <value>0x48dd</value>
         <object_component_ref idref="oc-3e"/>
      </symbol>
      <symbol id="sm-6d2">
         <name>__aeabi_memcpy4</name>
         <value>0x48dd</value>
         <object_component_ref idref="oc-3e"/>
      </symbol>
      <symbol id="sm-6e1">
         <name>__aeabi_memset</name>
         <value>0x4a13</value>
         <object_component_ref idref="oc-4a"/>
      </symbol>
      <symbol id="sm-6e2">
         <name>memset</name>
         <value>0x4a19</value>
         <object_component_ref idref="oc-4a"/>
      </symbol>
      <symbol id="sm-6e3">
         <name>__aeabi_memset8</name>
         <value>0x4a13</value>
         <object_component_ref idref="oc-4a"/>
      </symbol>
      <symbol id="sm-6e4">
         <name>__aeabi_memset4</name>
         <value>0x4a13</value>
         <object_component_ref idref="oc-4a"/>
      </symbol>
      <symbol id="sm-6e5">
         <name>__aeabi_memclr8</name>
         <value>0x4a11</value>
         <object_component_ref idref="oc-4a"/>
      </symbol>
      <symbol id="sm-6e6">
         <name>__aeabi_memclr4</name>
         <value>0x4a11</value>
         <object_component_ref idref="oc-4a"/>
      </symbol>
      <symbol id="sm-6e7">
         <name>__aeabi_memclr</name>
         <value>0x4a11</value>
         <object_component_ref idref="oc-4a"/>
      </symbol>
      <symbol id="sm-6f1">
         <name>__mpu_init</name>
         <value>0x25fb</value>
         <object_component_ref idref="oc-56"/>
      </symbol>
      <symbol id="sm-713">
         <name>open</name>
         <value>0x46c1</value>
         <object_component_ref idref="oc-234"/>
      </symbol>
      <symbol id="sm-71d">
         <name>_system_pre_init</name>
         <value>0x5201</value>
         <object_component_ref idref="oc-5c"/>
      </symbol>
      <symbol id="sm-73e">
         <name>setvbuf</name>
         <value>0x451d</value>
         <object_component_ref idref="oc-1c5"/>
      </symbol>
      <symbol id="sm-746">
         <name>main_func_sp</name>
         <value>0x20003ba0</value>
         <object_component_ref idref="oc-74"/>
      </symbol>
      <symbol id="sm-756">
         <name>strchr</name>
         <value>0x5185</value>
         <object_component_ref idref="oc-26f"/>
      </symbol>
      <symbol id="sm-765">
         <name>strcmp</name>
         <value>0x516d</value>
         <object_component_ref idref="oc-269"/>
      </symbol>
      <symbol id="sm-775">
         <name>strncpy</name>
         <value>0x5079</value>
         <object_component_ref idref="oc-228"/>
      </symbol>
      <symbol id="sm-791">
         <name>_stream</name>
         <value>0x20003ae8</value>
         <object_component_ref idref="oc-2b3"/>
      </symbol>
      <symbol id="sm-792">
         <name>_device</name>
         <value>0x20003a70</value>
         <object_component_ref idref="oc-22f"/>
      </symbol>
      <symbol id="sm-793">
         <name>write</name>
         <value>0x5109</value>
         <object_component_ref idref="oc-313"/>
      </symbol>
      <symbol id="sm-7ac">
         <name>_nop</name>
         <value>0x51ab</value>
         <object_component_ref idref="oc-17a"/>
      </symbol>
      <symbol id="sm-7ad">
         <name>_lock</name>
         <value>0x20003b78</value>
         <object_component_ref idref="oc-ce"/>
      </symbol>
      <symbol id="sm-7ae">
         <name>_unlock</name>
         <value>0x20003b7c</value>
         <object_component_ref idref="oc-ce"/>
      </symbol>
      <symbol id="sm-7af">
         <name>_register_lock</name>
         <value>0x51a3</value>
         <object_component_ref idref="oc-17a"/>
      </symbol>
      <symbol id="sm-7b0">
         <name>_register_unlock</name>
         <value>0x519d</value>
         <object_component_ref idref="oc-17a"/>
      </symbol>
      <symbol id="sm-7c4">
         <name>_args_main</name>
         <value>0x5155</value>
         <object_component_ref idref="oc-68"/>
      </symbol>
      <symbol id="sm-7ee">
         <name>__TI_auto_init</name>
         <value>0x4a8d</value>
         <object_component_ref idref="oc-62"/>
      </symbol>
      <symbol id="sm-808">
         <name>copy_in</name>
         <value>0x4f21</value>
         <object_component_ref idref="oc-b5"/>
      </symbol>
      <symbol id="sm-81e">
         <name>__TI_closefile</name>
         <value>0x4979</value>
         <object_component_ref idref="oc-23a"/>
      </symbol>
      <symbol id="sm-81f">
         <name>fclose</name>
         <value>0x49df</value>
         <object_component_ref idref="oc-23a"/>
      </symbol>
      <symbol id="sm-839">
         <name>__TI_doflush</name>
         <value>0x45f9</value>
         <object_component_ref idref="oc-2b8"/>
      </symbol>
      <symbol id="sm-83a">
         <name>fflush</name>
         <value>0x4645</value>
         <object_component_ref idref="oc-2b8"/>
      </symbol>
      <symbol id="sm-84b">
         <name>HOSTclose</name>
         <value>0x4fb1</value>
         <object_component_ref idref="oc-27f"/>
      </symbol>
      <symbol id="sm-85c">
         <name>HOSTlseek</name>
         <value>0x4bd5</value>
         <object_component_ref idref="oc-291"/>
      </symbol>
      <symbol id="sm-86e">
         <name>parmbuf</name>
         <value>0x20003514</value>
      </symbol>
      <symbol id="sm-86f">
         <name>HOSTopen</name>
         <value>0x4d0d</value>
         <object_component_ref idref="oc-279"/>
      </symbol>
      <symbol id="sm-880">
         <name>HOSTread</name>
         <value>0x4dc9</value>
         <object_component_ref idref="oc-285"/>
      </symbol>
      <symbol id="sm-891">
         <name>HOSTrename</name>
         <value>0x4c3d</value>
         <object_component_ref idref="oc-29d"/>
      </symbol>
      <symbol id="sm-8a2">
         <name>HOSTunlink</name>
         <value>0x4ff5</value>
         <object_component_ref idref="oc-297"/>
      </symbol>
      <symbol id="sm-8b3">
         <name>HOSTwrite</name>
         <value>0x4e21</value>
         <object_component_ref idref="oc-28b"/>
      </symbol>
      <symbol id="sm-925">
         <name>_sys_memory</name>
         <value>0x20003580</value>
         <object_component_ref idref="oc-30"/>
      </symbol>
      <symbol id="sm-926">
         <name>free</name>
         <value>0x26e7</value>
         <object_component_ref idref="oc-246"/>
      </symbol>
      <symbol id="sm-927">
         <name>realloc</name>
         <value>0x27a7</value>
         <object_component_ref idref="oc-246"/>
      </symbol>
      <symbol id="sm-928">
         <name>memalign</name>
         <value>0x28b1</value>
         <object_component_ref idref="oc-246"/>
      </symbol>
      <symbol id="sm-929">
         <name>calloc</name>
         <value>0x299d</value>
         <object_component_ref idref="oc-246"/>
      </symbol>
      <symbol id="sm-92a">
         <name>malloc</name>
         <value>0x267d</value>
         <object_component_ref idref="oc-246"/>
      </symbol>
      <symbol id="sm-92b">
         <name>minit</name>
         <value>0x25fd</value>
         <object_component_ref idref="oc-246"/>
      </symbol>
      <symbol id="sm-936">
         <name>_system_post_cinit</name>
         <value>0x3df3</value>
         <object_component_ref idref="oc-bb"/>
      </symbol>
      <symbol id="sm-944">
         <name>strcpy</name>
         <value>0x51b1</value>
         <object_component_ref idref="oc-300"/>
      </symbol>
      <symbol id="sm-952">
         <name>strlen</name>
         <value>0x51c5</value>
         <object_component_ref idref="oc-2e6"/>
      </symbol>
      <symbol id="sm-96d">
         <name>__TI_readmsg</name>
         <value>0x4cd7</value>
         <object_component_ref idref="oc-2ec"/>
      </symbol>
      <symbol id="sm-96e">
         <name>C$$IO$$</name>
         <value>0x4cd3</value>
         <object_component_ref idref="oc-2ec"/>
      </symbol>
      <symbol id="sm-96f">
         <name>__CIOBUF_</name>
         <value>0x20003200</value>
         <object_component_ref idref="oc-329"/>
      </symbol>
      <symbol id="sm-970">
         <name>__TI_writemsg</name>
         <value>0x4ca5</value>
         <object_component_ref idref="oc-2ec"/>
      </symbol>
      <symbol id="sm-980">
         <name>unlink</name>
         <value>0x50dd</value>
         <object_component_ref idref="oc-2c4"/>
      </symbol>
      <symbol id="sm-994">
         <name>close</name>
         <value>0x4d6d</value>
         <object_component_ref idref="oc-2be"/>
      </symbol>
      <symbol id="sm-995">
         <name>__TI_static_base__</name>
         <value>0x0</value>
      </symbol>
      <symbol id="sm-998">
         <name>SHT$$INIT_ARRAY$$Limit</name>
         <value>0x0</value>
      </symbol>
      <symbol id="sm-999">
         <name>SHT$$INIT_ARRAY$$Base</name>
         <value>0x0</value>
      </symbol>
      <symbol id="sm-99a">
         <name>NMI_Handler</name>
         <value>0x51f3</value>
      </symbol>
      <symbol id="sm-99b">
         <name>HardFault_Handler</name>
         <value>0x51f3</value>
      </symbol>
      <symbol id="sm-99c">
         <name>MemManage_Handler</name>
         <value>0x51f3</value>
      </symbol>
      <symbol id="sm-99d">
         <name>BusFault_Handler</name>
         <value>0x51f3</value>
      </symbol>
      <symbol id="sm-99e">
         <name>UsageFault_Handler</name>
         <value>0x51f3</value>
      </symbol>
      <symbol id="sm-99f">
         <name>SVC_Handler</name>
         <value>0x51f3</value>
      </symbol>
      <symbol id="sm-9a0">
         <name>DebugMon_Handler</name>
         <value>0x51f3</value>
      </symbol>
      <symbol id="sm-9a1">
         <name>PendSV_Handler</name>
         <value>0x51f3</value>
      </symbol>
      <symbol id="sm-9a2">
         <name>SysTick_Handler</name>
         <value>0x51f3</value>
      </symbol>
      <symbol id="sm-9a3">
         <name>PSS_IRQHandler</name>
         <value>0x51f3</value>
      </symbol>
      <symbol id="sm-9a4">
         <name>CS_IRQHandler</name>
         <value>0x51f3</value>
      </symbol>
      <symbol id="sm-9a5">
         <name>PCM_IRQHandler</name>
         <value>0x51f3</value>
      </symbol>
      <symbol id="sm-9a6">
         <name>WDT_A_IRQHandler</name>
         <value>0x51f3</value>
      </symbol>
      <symbol id="sm-9a7">
         <name>FPU_IRQHandler</name>
         <value>0x51f3</value>
      </symbol>
      <symbol id="sm-9a8">
         <name>FLCTL_IRQHandler</name>
         <value>0x51f3</value>
      </symbol>
      <symbol id="sm-9a9">
         <name>COMP_E0_IRQHandler</name>
         <value>0x51f3</value>
      </symbol>
      <symbol id="sm-9aa">
         <name>COMP_E1_IRQHandler</name>
         <value>0x51f3</value>
      </symbol>
      <symbol id="sm-9ab">
         <name>TA0_0_IRQHandler</name>
         <value>0x51f3</value>
      </symbol>
      <symbol id="sm-9ac">
         <name>TA0_N_IRQHandler</name>
         <value>0x51f3</value>
      </symbol>
      <symbol id="sm-9ad">
         <name>TA1_0_IRQHandler</name>
         <value>0x48a7</value>
      </symbol>
      <symbol id="sm-9ae">
         <name>TA1_N_IRQHandler</name>
         <value>0x51f3</value>
      </symbol>
      <symbol id="sm-9af">
         <name>TA2_0_IRQHandler</name>
         <value>0x51f3</value>
      </symbol>
      <symbol id="sm-9b0">
         <name>TA2_N_IRQHandler</name>
         <value>0x51f3</value>
      </symbol>
      <symbol id="sm-9b1">
         <name>TA3_0_IRQHandler</name>
         <value>0x418d</value>
      </symbol>
      <symbol id="sm-9b2">
         <name>TA3_N_IRQHandler</name>
         <value>0x41a7</value>
      </symbol>
      <symbol id="sm-9b3">
         <name>EUSCIA0_IRQHandler</name>
         <value>0x20d3</value>
      </symbol>
      <symbol id="sm-9b4">
         <name>EUSCIA1_IRQHandler</name>
         <value>0x51f3</value>
      </symbol>
      <symbol id="sm-9b5">
         <name>EUSCIA2_IRQHandler</name>
         <value>0x51f3</value>
      </symbol>
      <symbol id="sm-9b6">
         <name>EUSCIA3_IRQHandler</name>
         <value>0x51f3</value>
      </symbol>
      <symbol id="sm-9b7">
         <name>EUSCIB0_IRQHandler</name>
         <value>0x51f3</value>
      </symbol>
      <symbol id="sm-9b8">
         <name>EUSCIB1_IRQHandler</name>
         <value>0x51f3</value>
      </symbol>
      <symbol id="sm-9b9">
         <name>EUSCIB2_IRQHandler</name>
         <value>0x51f3</value>
      </symbol>
      <symbol id="sm-9ba">
         <name>EUSCIB3_IRQHandler</name>
         <value>0x51f3</value>
      </symbol>
      <symbol id="sm-9bb">
         <name>ADC14_IRQHandler</name>
         <value>0x51f3</value>
      </symbol>
      <symbol id="sm-9bc">
         <name>T32_INT1_IRQHandler</name>
         <value>0x51f3</value>
      </symbol>
      <symbol id="sm-9bd">
         <name>T32_INT2_IRQHandler</name>
         <value>0x51f3</value>
      </symbol>
      <symbol id="sm-9be">
         <name>T32_INTC_IRQHandler</name>
         <value>0x51f3</value>
      </symbol>
      <symbol id="sm-9bf">
         <name>AES256_IRQHandler</name>
         <value>0x51f3</value>
      </symbol>
      <symbol id="sm-9c0">
         <name>RTC_C_IRQHandler</name>
         <value>0x51f3</value>
      </symbol>
      <symbol id="sm-9c1">
         <name>DMA_ERR_IRQHandler</name>
         <value>0x51f3</value>
      </symbol>
      <symbol id="sm-9c2">
         <name>DMA_INT3_IRQHandler</name>
         <value>0x51f3</value>
      </symbol>
      <symbol id="sm-9c3">
         <name>DMA_INT2_IRQHandler</name>
         <value>0x51f3</value>
      </symbol>
      <symbol id="sm-9c4">
         <name>DMA_INT1_IRQHandler</name>
         <value>0x51f3</value>
      </symbol>
      <symbol id="sm-9c5">
         <name>DMA_INT0_IRQHandler</name>
         <value>0x51f3</value>
      </symbol>
      <symbol id="sm-9c6">
         <name>PORT1_IRQHandler</name>
         <value>0x51f3</value>
      </symbol>
      <symbol id="sm-9c7">
         <name>PORT2_IRQHandler</name>
         <value>0x51f3</value>
      </symbol>
      <symbol id="sm-9c8">
         <name>PORT3_IRQHandler</name>
         <value>0x51f3</value>
      </symbol>
      <symbol id="sm-9c9">
         <name>PORT4_IRQHandler</name>
         <value>0x42dd</value>
      </symbol>
      <symbol id="sm-9ca">
         <name>PORT5_IRQHandler</name>
         <value>0x51f3</value>
      </symbol>
      <symbol id="sm-9cb">
         <name>PORT6_IRQHandler</name>
         <value>0x51f3</value>
      </symbol>
      <symbol id="sm-9cc">
         <name>remove</name>
         <value>0x50dd</value>
      </symbol>
   </symbol_table>
   <title>Link successful</title>
</link_info>
